#! /usr/bin/vvp
:ivl_version "11.0 (stable)";
:ivl_delay_selection "TYPICAL";
:vpi_time_precision - 12;
:vpi_module "/usr/lib/x86_64-linux-gnu/ivl/system.vpi";
:vpi_module "/usr/lib/x86_64-linux-gnu/ivl/vhdl_sys.vpi";
:vpi_module "/usr/lib/x86_64-linux-gnu/ivl/vhdl_textio.vpi";
:vpi_module "/usr/lib/x86_64-linux-gnu/ivl/v2005_math.vpi";
:vpi_module "/usr/lib/x86_64-linux-gnu/ivl/va_math.vpi";
:vpi_module "/usr/lib/x86_64-linux-gnu/ivl/v2009.vpi";
S_0x5bc2f7caeb50 .scope package, "$unit" "$unit" 2 1;
 .timescale 0 0;
S_0x5bc2f7caece0 .scope module, "tb_arithmetic_unit" "tb_arithmetic_unit" 3 23;
 .timescale -9 -12;
v0x5bc2f7cc8250_0 .var "f", 0 0;
v0x5bc2f7cc8340_0 .var/s "left", 7 0;
v0x5bc2f7cc8410_0 .net/s "result", 7 0, L_0x5bc2f7cc8860;  1 drivers
v0x5bc2f7cc8510_0 .var/s "right", 7 0;
S_0x5bc2f7c74cf0 .scope module, "DUT" "arithmetic_unit" 3 29, 4 23 0, S_0x5bc2f7caece0;
 .timescale -9 -12;
    .port_info 0 /INPUT 8 "left_in";
    .port_info 1 /INPUT 8 "right_in";
    .port_info 2 /INPUT 1 "f";
    .port_info 3 /OUTPUT 8 "result";
v0x5bc2f7c76ba0_0 .net/s *"_ivl_0", 7 0, L_0x5bc2f7cc85e0;  1 drivers
v0x5bc2f7cc75d0_0 .net/s *"_ivl_2", 7 0, L_0x5bc2f7cc87c0;  1 drivers
v0x5bc2f7cc76b0_0 .net "f", 0 0, v0x5bc2f7cc8250_0;  1 drivers
v0x5bc2f7cc7780_0 .net/s "left_in", 7 0, v0x5bc2f7cc8340_0;  1 drivers
v0x5bc2f7cc7860_0 .net/s "result", 7 0, L_0x5bc2f7cc8860;  alias, 1 drivers
v0x5bc2f7cc7990_0 .net/s "right_in", 7 0, v0x5bc2f7cc8510_0;  1 drivers
L_0x5bc2f7cc85e0 .arith/sub 8, v0x5bc2f7cc8340_0, v0x5bc2f7cc8510_0;
L_0x5bc2f7cc87c0 .arith/sum 8, v0x5bc2f7cc8340_0, v0x5bc2f7cc8510_0;
L_0x5bc2f7cc8860 .functor MUXZ 8, L_0x5bc2f7cc87c0, L_0x5bc2f7cc85e0, v0x5bc2f7cc8250_0, C4<>;
S_0x5bc2f7cc7af0 .scope task, "add" "add" 3 34, 3 34 0, S_0x5bc2f7caece0;
 .timescale -9 -12;
v0x5bc2f7cc7cf0_0 .var/s "a", 7 0;
v0x5bc2f7cc7dd0_0 .var/s "b", 7 0;
TD_tb_arithmetic_unit.add ;
    %pushi/vec4 0, 0, 1;
    %store/vec4 v0x5bc2f7cc8250_0, 0, 1;
    %load/vec4 v0x5bc2f7cc7cf0_0;
    %store/vec4 v0x5bc2f7cc8340_0, 0, 8;
    %load/vec4 v0x5bc2f7cc7dd0_0;
    %store/vec4 v0x5bc2f7cc8510_0, 0, 8;
    %delay 1000, 0;
    %load/vec4 v0x5bc2f7cc8410_0;
    %load/vec4 v0x5bc2f7cc7cf0_0;
    %load/vec4 v0x5bc2f7cc7dd0_0;
    %add;
    %cmp/e;
    %jmp/0xz  T_0.0, 4;
    %vpi_call/w 3 42 "$display", "ADD SUCCESS, %d + %d = %d", v0x5bc2f7cc7cf0_0, v0x5bc2f7cc7dd0_0, v0x5bc2f7cc8410_0 {0 0 0};
    %jmp T_0.1;
T_0.0 ;
    %vpi_call/w 3 44 "$display", "ADD FAILURE, %d + %d = %d", v0x5bc2f7cc7cf0_0, v0x5bc2f7cc7dd0_0, v0x5bc2f7cc8410_0 {0 0 0};
T_0.1 ;
    %end;
S_0x5bc2f7cc7eb0 .scope task, "sub" "sub" 3 48, 3 48 0, S_0x5bc2f7caece0;
 .timescale -9 -12;
v0x5bc2f7cc8090_0 .var/s "a", 7 0;
v0x5bc2f7cc8170_0 .var/s "b", 7 0;
TD_tb_arithmetic_unit.sub ;
    %pushi/vec4 1, 0, 1;
    %store/vec4 v0x5bc2f7cc8250_0, 0, 1;
    %load/vec4 v0x5bc2f7cc8090_0;
    %store/vec4 v0x5bc2f7cc8340_0, 0, 8;
    %load/vec4 v0x5bc2f7cc8170_0;
    %store/vec4 v0x5bc2f7cc8510_0, 0, 8;
    %delay 1000, 0;
    %load/vec4 v0x5bc2f7cc8410_0;
    %load/vec4 v0x5bc2f7cc8090_0;
    %load/vec4 v0x5bc2f7cc8170_0;
    %sub;
    %cmp/e;
    %jmp/0xz  T_1.2, 4;
    %vpi_call/w 3 55 "$display", "SUB SUCCESS, %d - %d = %d", v0x5bc2f7cc8090_0, v0x5bc2f7cc8170_0, v0x5bc2f7cc8410_0 {0 0 0};
    %jmp T_1.3;
T_1.2 ;
    %vpi_call/w 3 57 "$display", "SUB FAILURE, %d - %d = %d", v0x5bc2f7cc8090_0, v0x5bc2f7cc8170_0, v0x5bc2f7cc8410_0 {0 0 0};
T_1.3 ;
    %end;
    .scope S_0x5bc2f7caece0;
T_2 ;
    %pushi/vec4 5, 0, 8;
    %store/vec4 v0x5bc2f7cc7cf0_0, 0, 8;
    %pushi/vec4 7, 0, 8;
    %store/vec4 v0x5bc2f7cc7dd0_0, 0, 8;
    %fork TD_tb_arithmetic_unit.add, S_0x5bc2f7cc7af0;
    %join;
    %pushi/vec4 3, 0, 8;
    %store/vec4 v0x5bc2f7cc8090_0, 0, 8;
    %pushi/vec4 2, 0, 8;
    %store/vec4 v0x5bc2f7cc8170_0, 0, 8;
    %fork TD_tb_arithmetic_unit.sub, S_0x5bc2f7cc7eb0;
    %join;
    %pushi/vec4 4, 0, 8;
    %store/vec4 v0x5bc2f7cc7cf0_0, 0, 8;
    %pushi/vec4 254, 0, 8;
    %store/vec4 v0x5bc2f7cc7dd0_0, 0, 8;
    %fork TD_tb_arithmetic_unit.add, S_0x5bc2f7cc7af0;
    %join;
    %pushi/vec4 22, 0, 8;
    %store/vec4 v0x5bc2f7cc7cf0_0, 0, 8;
    %pushi/vec4 5, 0, 8;
    %store/vec4 v0x5bc2f7cc7dd0_0, 0, 8;
    %fork TD_tb_arithmetic_unit.add, S_0x5bc2f7cc7af0;
    %join;
    %pushi/vec4 32, 0, 8;
    %store/vec4 v0x5bc2f7cc8090_0, 0, 8;
    %pushi/vec4 252, 0, 8;
    %store/vec4 v0x5bc2f7cc8170_0, 0, 8;
    %fork TD_tb_arithmetic_unit.sub, S_0x5bc2f7cc7eb0;
    %join;
    %pushi/vec4 5, 0, 8;
    %store/vec4 v0x5bc2f7cc8090_0, 0, 8;
    %pushi/vec4 7, 0, 8;
    %store/vec4 v0x5bc2f7cc8170_0, 0, 8;
    %fork TD_tb_arithmetic_unit.sub, S_0x5bc2f7cc7eb0;
    %join;
    %end;
    .thread T_2;
# The file index is used to find the file name in the following table.
:file_names 5;
    "N/A";
    "<interactive>";
    "-";
    "../tb/tb_arithmetic.v";
    "../rtl/arithmetic_unit.v";
