#! /usr/bin/vvp
:ivl_version "11.0 (stable)";
:ivl_delay_selection "TYPICAL";
:vpi_time_precision - 12;
:vpi_module "/usr/lib/x86_64-linux-gnu/ivl/system.vpi";
:vpi_module "/usr/lib/x86_64-linux-gnu/ivl/vhdl_sys.vpi";
:vpi_module "/usr/lib/x86_64-linux-gnu/ivl/vhdl_textio.vpi";
:vpi_module "/usr/lib/x86_64-linux-gnu/ivl/v2005_math.vpi";
:vpi_module "/usr/lib/x86_64-linux-gnu/ivl/va_math.vpi";
:vpi_module "/usr/lib/x86_64-linux-gnu/ivl/v2009.vpi";
S_0x5d3eb7af2000 .scope package, "$unit" "$unit" 2 1;
 .timescale 0 0;
S_0x5d3eb7af1400 .scope module, "tb_processor" "tb_processor" 3 23;
 .timescale -9 -12;
P_0x5d3eb7af9330 .param/l "cycle" 0 3 148, +C4<00000000000000000000000000001010>;
P_0x5d3eb7af9370 .param/l "thold" 0 3 149, +C4<00000000000000000000000000000001>;
P_0x5d3eb7af93b0 .param/l "tsetup" 0 3 150, +C4<00000000000000000000000000000001>;
v0x5d3eb7b1efa0_0 .var "IN0", 7 0;
v0x5d3eb7b1f0b0_0 .var "IN1", 7 0;
v0x5d3eb7b1f1a0_0 .var "IN2", 7 0;
v0x5d3eb7b1f290_0 .var "IN3", 7 0;
v0x5d3eb7b1f3a0_0 .var "IN4", 7 0;
v0x5d3eb7b1f500_0 .var "IN5", 7 0;
v0x5d3eb7b1f610_0 .var "IN6", 7 0;
v0x5d3eb7b1f720_0 .var "IN7", 7 0;
v0x5d3eb7b1f830_0 .net "OUT0", 7 0, L_0x5d3eb7b21440;  1 drivers
v0x5d3eb7b1f980_0 .net "OUT1", 7 0, L_0x5d3eb7b214e0;  1 drivers
v0x5d3eb7b1fa90_0 .net "OUT2", 7 0, L_0x5d3eb7b21610;  1 drivers
v0x5d3eb7b1fba0_0 .net "OUT3", 7 0, L_0x5d3eb7b216b0;  1 drivers
v0x5d3eb7b1fcb0_0 .net "OUT4", 7 0, L_0x5d3eb7b21750;  1 drivers
v0x5d3eb7b1fdc0_0 .net "OUT5", 7 0, L_0x5d3eb7b217f0;  1 drivers
v0x5d3eb7b1fed0_0 .net "OUT6", 7 0, L_0x5d3eb7b219e0;  1 drivers
v0x5d3eb7b1ffe0_0 .net "OUT7", 7 0, L_0x5d3eb7b21ab0;  1 drivers
v0x5d3eb7b200f0_0 .var "clk", 0 0;
v0x5d3eb7b202a0_0 .var/i "i", 31 0;
v0x5d3eb7b20380_0 .var "instr", 15 0;
v0x5d3eb7b20440 .array "mem", 0 255, 15 0;
v0x5d3eb7b204e0_0 .net "number", 7 0, v0x5d3eb7b166f0_0;  1 drivers
v0x5d3eb7b205a0_0 .var "rst", 0 0;
S_0x5d3eb7af1150 .scope module, "DUT" "processor_top" 3 125, 4 23 0, S_0x5d3eb7af1400;
 .timescale -9 -12;
    .port_info 0 /INPUT 1 "clk";
    .port_info 1 /INPUT 1 "rst";
    .port_info 2 /INPUT 8 "INO";
    .port_info 3 /INPUT 8 "IN1";
    .port_info 4 /INPUT 8 "IN2";
    .port_info 5 /INPUT 8 "IN3";
    .port_info 6 /INPUT 8 "IN4";
    .port_info 7 /INPUT 8 "IN5";
    .port_info 8 /INPUT 8 "IN6";
    .port_info 9 /INPUT 8 "IN7";
    .port_info 10 /INPUT 16 "instr";
    .port_info 11 /OUTPUT 8 "OUT0";
    .port_info 12 /OUTPUT 8 "OUT1";
    .port_info 13 /OUTPUT 8 "OUT2";
    .port_info 14 /OUTPUT 8 "OUT3";
    .port_info 15 /OUTPUT 8 "OUT4";
    .port_info 16 /OUTPUT 8 "OUT5";
    .port_info 17 /OUTPUT 8 "OUT6";
    .port_info 18 /OUTPUT 8 "OUT7";
    .port_info 19 /OUTPUT 8 "number";
L_0x5d3eb7ae6130 .functor NOT 1, L_0x5d3eb7b20690, C4<0>, C4<0>, C4<0>;
L_0x5d3eb7af9210 .functor NOT 1, L_0x5d3eb7b20900, C4<0>, C4<0>, C4<0>;
L_0x5d3eb7af0bd0 .functor AND 1, L_0x5d3eb7b20860, L_0x5d3eb7af9210, C4<1>, C4<1>;
v0x5d3eb7b1a550_0 .net/s "IN1", 7 0, v0x5d3eb7b1f0b0_0;  1 drivers
v0x5d3eb7b1a630_0 .net/s "IN2", 7 0, v0x5d3eb7b1f1a0_0;  1 drivers
v0x5d3eb7b1a6d0_0 .net/s "IN3", 7 0, v0x5d3eb7b1f290_0;  1 drivers
v0x5d3eb7b1a7a0_0 .net/s "IN4", 7 0, v0x5d3eb7b1f3a0_0;  1 drivers
v0x5d3eb7b1a870_0 .net/s "IN5", 7 0, v0x5d3eb7b1f500_0;  1 drivers
v0x5d3eb7b1a910_0 .net/s "IN6", 7 0, v0x5d3eb7b1f610_0;  1 drivers
v0x5d3eb7b1a9e0_0 .net/s "IN7", 7 0, v0x5d3eb7b1f720_0;  1 drivers
v0x5d3eb7b1aab0_0 .net/s "INO", 7 0, v0x5d3eb7b1efa0_0;  1 drivers
v0x5d3eb7b1ab50_0 .net/s "OUT0", 7 0, L_0x5d3eb7b21440;  alias, 1 drivers
v0x5d3eb7b1ac40_0 .net/s "OUT1", 7 0, L_0x5d3eb7b214e0;  alias, 1 drivers
v0x5d3eb7b1ad10_0 .net/s "OUT2", 7 0, L_0x5d3eb7b21610;  alias, 1 drivers
v0x5d3eb7b1ade0_0 .net/s "OUT3", 7 0, L_0x5d3eb7b216b0;  alias, 1 drivers
v0x5d3eb7b1aeb0_0 .net/s "OUT4", 7 0, L_0x5d3eb7b21750;  alias, 1 drivers
v0x5d3eb7b1af80_0 .net/s "OUT5", 7 0, L_0x5d3eb7b217f0;  alias, 1 drivers
v0x5d3eb7b1b050_0 .net/s "OUT6", 7 0, L_0x5d3eb7b219e0;  alias, 1 drivers
v0x5d3eb7b1b120_0 .net/s "OUT7", 7 0, L_0x5d3eb7b21ab0;  alias, 1 drivers
v0x5d3eb7b1b1f0_0 .net *"_ivl_1", 0 0, L_0x5d3eb7b20690;  1 drivers
v0x5d3eb7b1b2b0_0 .net *"_ivl_5", 0 0, L_0x5d3eb7b20860;  1 drivers
v0x5d3eb7b1b390_0 .net *"_ivl_7", 0 0, L_0x5d3eb7b20900;  1 drivers
v0x5d3eb7b1b470_0 .net *"_ivl_8", 0 0, L_0x5d3eb7af9210;  1 drivers
v0x5d3eb7b1b550_0 .net "clk", 0 0, v0x5d3eb7b200f0_0;  1 drivers
v0x5d3eb7b1b5f0_0 .net "instr", 15 0, v0x5d3eb7b20380_0;  1 drivers
v0x5d3eb7b1b6d0_0 .net/s "left_out", 7 0, v0x5d3eb7b19fc0_0;  1 drivers
v0x5d3eb7b1b790_0 .net "number", 7 0, v0x5d3eb7b166f0_0;  alias, 1 drivers
v0x5d3eb7b1b880_0 .net "out_en", 0 0, L_0x5d3eb7af0bd0;  1 drivers
v0x5d3eb7b1b950_0 .net/s "reg_in", 7 0, v0x5d3eb7b17810_0;  1 drivers
v0x5d3eb7b1b9f0_0 .net/s "result", 7 0, L_0x5d3eb7b21250;  1 drivers
v0x5d3eb7b1bae0_0 .net/s "right_out", 7 0, v0x5d3eb7b1a2a0_0;  1 drivers
v0x5d3eb7b1bba0_0 .net "rst", 0 0, v0x5d3eb7b205a0_0;  1 drivers
v0x5d3eb7b1bc40_0 .net "write_reg", 0 0, L_0x5d3eb7ae6130;  1 drivers
L_0x5d3eb7b20690 .part v0x5d3eb7b20380_0, 15, 1;
L_0x5d3eb7b20860 .part v0x5d3eb7b20380_0, 15, 1;
L_0x5d3eb7b20900 .part v0x5d3eb7b20380_0, 14, 1;
L_0x5d3eb7b20b20 .part v0x5d3eb7b20380_0, 13, 2;
L_0x5d3eb7b20bc0 .part v0x5d3eb7b20380_0, 4, 8;
L_0x5d3eb7b20c60 .part v0x5d3eb7b20380_0, 4, 3;
L_0x5d3eb7b20d40 .part v0x5d3eb7b20380_0, 0, 4;
L_0x5d3eb7b20ef0 .part v0x5d3eb7b20380_0, 8, 4;
L_0x5d3eb7b20fe0 .part v0x5d3eb7b20380_0, 4, 4;
L_0x5d3eb7b212f0 .part v0x5d3eb7b20380_0, 12, 1;
L_0x5d3eb7b21c00 .part v0x5d3eb7b20380_0, 13, 1;
L_0x5d3eb7b21cd0 .part v0x5d3eb7b20380_0, 0, 8;
L_0x5d3eb7b21e10 .part v0x5d3eb7b20380_0, 8, 3;
L_0x5d3eb7b21ee0 .part v0x5d3eb7b20380_0, 12, 4;
L_0x5d3eb7b22030 .part v0x5d3eb7b20380_0, 0, 8;
S_0x5d3eb7aaad40 .scope module, "a_u" "arithmetic_unit" 4 80, 5 23 0, S_0x5d3eb7af1150;
 .timescale -9 -12;
    .port_info 0 /INPUT 8 "left_in";
    .port_info 1 /INPUT 8 "right_in";
    .port_info 2 /INPUT 1 "f";
    .port_info 3 /OUTPUT 8 "result";
v0x5d3eb7af6610_0 .net/s *"_ivl_0", 7 0, L_0x5d3eb7b21080;  1 drivers
v0x5d3eb7af5d80_0 .net/s *"_ivl_2", 7 0, L_0x5d3eb7b211b0;  1 drivers
v0x5d3eb7af54f0_0 .net "f", 0 0, L_0x5d3eb7b212f0;  1 drivers
v0x5d3eb7af4c60_0 .net/s "left_in", 7 0, v0x5d3eb7b19fc0_0;  alias, 1 drivers
v0x5d3eb7af43d0_0 .net/s "result", 7 0, L_0x5d3eb7b21250;  alias, 1 drivers
v0x5d3eb7af3c20_0 .net/s "right_in", 7 0, v0x5d3eb7b1a2a0_0;  alias, 1 drivers
L_0x5d3eb7b21080 .arith/sub 8, v0x5d3eb7b19fc0_0, v0x5d3eb7b1a2a0_0;
L_0x5d3eb7b211b0 .arith/sum 8, v0x5d3eb7b19fc0_0, v0x5d3eb7b1a2a0_0;
L_0x5d3eb7b21250 .functor MUXZ 8, L_0x5d3eb7b211b0, L_0x5d3eb7b21080, L_0x5d3eb7b212f0, C4<>;
S_0x5d3eb7b16180 .scope module, "g_t" "go_to" 4 100, 6 23 0, S_0x5d3eb7af1150;
 .timescale -9 -12;
    .port_info 0 /INPUT 1 "clk";
    .port_info 1 /INPUT 1 "rst";
    .port_info 2 /INPUT 4 "numb_sel";
    .port_info 3 /INPUT 8 "data";
    .port_info 4 /INPUT 8 "N";
    .port_info 5 /OUTPUT 8 "number";
v0x5d3eb7b163a0_0 .net "N", 7 0, L_0x5d3eb7b22030;  1 drivers
v0x5d3eb7b164a0_0 .net "clk", 0 0, v0x5d3eb7b200f0_0;  alias, 1 drivers
v0x5d3eb7b16560_0 .net/s "data", 7 0, v0x5d3eb7b19fc0_0;  alias, 1 drivers
v0x5d3eb7b16630_0 .net "numb_sel", 3 0, L_0x5d3eb7b21ee0;  1 drivers
v0x5d3eb7b166f0_0 .var "number", 7 0;
v0x5d3eb7b16820_0 .net "rst", 0 0, v0x5d3eb7b205a0_0;  alias, 1 drivers
E_0x5d3eb7afd0d0 .event posedge, v0x5d3eb7b164a0_0;
S_0x5d3eb7b169a0 .scope module, "i_s" "input_selection" 4 57, 7 22 0, S_0x5d3eb7af1150;
 .timescale -9 -12;
    .port_info 0 /INPUT 2 "input_ctl";
    .port_info 1 /INPUT 8 "IN0";
    .port_info 2 /INPUT 8 "IN1";
    .port_info 3 /INPUT 8 "IN2";
    .port_info 4 /INPUT 8 "IN3";
    .port_info 5 /INPUT 8 "IN4";
    .port_info 6 /INPUT 8 "IN5";
    .port_info 7 /INPUT 8 "IN6";
    .port_info 8 /INPUT 8 "IN7";
    .port_info 9 /INPUT 8 "A";
    .port_info 10 /INPUT 3 "J";
    .port_info 11 /INPUT 8 "result";
    .port_info 12 /OUTPUT 8 "to_reg";
v0x5d3eb7b16d30_0 .net "A", 7 0, L_0x5d3eb7b20bc0;  1 drivers
L_0x7eadf9ed0018 .functor BUFT 1, C4<0000000z>, C4<0>, C4<0>, C4<0>;
v0x5d3eb7b16e30_0 .net "IN0", 7 0, L_0x7eadf9ed0018;  1 drivers
v0x5d3eb7b16f10_0 .net "IN1", 7 0, v0x5d3eb7b1f0b0_0;  alias, 1 drivers
v0x5d3eb7b17000_0 .net "IN2", 7 0, v0x5d3eb7b1f1a0_0;  alias, 1 drivers
v0x5d3eb7b170e0_0 .net "IN3", 7 0, v0x5d3eb7b1f290_0;  alias, 1 drivers
v0x5d3eb7b17210_0 .net "IN4", 7 0, v0x5d3eb7b1f3a0_0;  alias, 1 drivers
v0x5d3eb7b172f0_0 .net "IN5", 7 0, v0x5d3eb7b1f500_0;  alias, 1 drivers
v0x5d3eb7b173d0_0 .net "IN6", 7 0, v0x5d3eb7b1f610_0;  alias, 1 drivers
v0x5d3eb7b174b0_0 .net "IN7", 7 0, v0x5d3eb7b1f720_0;  alias, 1 drivers
v0x5d3eb7b17590_0 .net "J", 2 0, L_0x5d3eb7b20c60;  1 drivers
v0x5d3eb7b17670_0 .net "input_ctl", 1 0, L_0x5d3eb7b20b20;  1 drivers
v0x5d3eb7b17750_0 .net "result", 7 0, L_0x5d3eb7b21250;  alias, 1 drivers
v0x5d3eb7b17810_0 .var "to_reg", 7 0;
E_0x5d3eb7afd110/0 .event edge, v0x5d3eb7b17670_0, v0x5d3eb7b16d30_0, v0x5d3eb7b17590_0, v0x5d3eb7b16e30_0;
E_0x5d3eb7afd110/1 .event edge, v0x5d3eb7b16f10_0, v0x5d3eb7b17000_0, v0x5d3eb7b170e0_0, v0x5d3eb7b17210_0;
E_0x5d3eb7afd110/2 .event edge, v0x5d3eb7b172f0_0, v0x5d3eb7b173d0_0, v0x5d3eb7b174b0_0, v0x5d3eb7af43d0_0;
E_0x5d3eb7afd110 .event/or E_0x5d3eb7afd110/0, E_0x5d3eb7afd110/1, E_0x5d3eb7afd110/2;
S_0x5d3eb7b17a70 .scope module, "o_u" "output_selection" 4 85, 8 1 0, S_0x5d3eb7af1150;
 .timescale -9 -12;
    .port_info 0 /INPUT 1 "clk";
    .port_info 1 /INPUT 8 "regi";
    .port_info 2 /INPUT 1 "out_en";
    .port_info 3 /INPUT 1 "out_sel";
    .port_info 4 /INPUT 8 "A";
    .port_info 5 /INPUT 3 "i";
    .port_info 6 /OUTPUT 8 "OUT0";
    .port_info 7 /OUTPUT 8 "OUT1";
    .port_info 8 /OUTPUT 8 "OUT2";
    .port_info 9 /OUTPUT 8 "OUT3";
    .port_info 10 /OUTPUT 8 "OUT4";
    .port_info 11 /OUTPUT 8 "OUT5";
    .port_info 12 /OUTPUT 8 "OUT6";
    .port_info 13 /OUTPUT 8 "OUT7";
v0x5d3eb7b17d60_0 .net/s "A", 7 0, L_0x5d3eb7b21cd0;  1 drivers
v0x5d3eb7b17e60_0 .net/s "OUT0", 7 0, L_0x5d3eb7b21440;  alias, 1 drivers
v0x5d3eb7b17f40_0 .net/s "OUT1", 7 0, L_0x5d3eb7b214e0;  alias, 1 drivers
v0x5d3eb7b18030_0 .net/s "OUT2", 7 0, L_0x5d3eb7b21610;  alias, 1 drivers
v0x5d3eb7b18110_0 .net/s "OUT3", 7 0, L_0x5d3eb7b216b0;  alias, 1 drivers
v0x5d3eb7b18240_0 .net/s "OUT4", 7 0, L_0x5d3eb7b21750;  alias, 1 drivers
v0x5d3eb7b18320_0 .net/s "OUT5", 7 0, L_0x5d3eb7b217f0;  alias, 1 drivers
v0x5d3eb7b18400_0 .net/s "OUT6", 7 0, L_0x5d3eb7b219e0;  alias, 1 drivers
v0x5d3eb7b184e0_0 .net/s "OUT7", 7 0, L_0x5d3eb7b21ab0;  alias, 1 drivers
o0x7eadfa252a68 .functor BUFZ 8, C4<zzzzzzzz>; HiZ drive
; Elide local net with no drivers, v0x5d3eb7b185c0_0 name=_ivl_0
o0x7eadfa252a98 .functor BUFZ 8, C4<zzzzzzzz>; HiZ drive
; Elide local net with no drivers, v0x5d3eb7b186a0_0 name=_ivl_12
o0x7eadfa252ac8 .functor BUFZ 8, C4<zzzzzzzz>; HiZ drive
; Elide local net with no drivers, v0x5d3eb7b18780_0 name=_ivl_16
o0x7eadfa252af8 .functor BUFZ 8, C4<zzzzzzzz>; HiZ drive
; Elide local net with no drivers, v0x5d3eb7b18860_0 name=_ivl_20
o0x7eadfa252b28 .functor BUFZ 8, C4<zzzzzzzz>; HiZ drive
; Elide local net with no drivers, v0x5d3eb7b18940_0 name=_ivl_24
o0x7eadfa252b58 .functor BUFZ 8, C4<zzzzzzzz>; HiZ drive
; Elide local net with no drivers, v0x5d3eb7b18a20_0 name=_ivl_28
o0x7eadfa252b88 .functor BUFZ 8, C4<zzzzzzzz>; HiZ drive
; Elide local net with no drivers, v0x5d3eb7b18b00_0 name=_ivl_4
o0x7eadfa252bb8 .functor BUFZ 8, C4<zzzzzzzz>; HiZ drive
; Elide local net with no drivers, v0x5d3eb7b18be0_0 name=_ivl_8
v0x5d3eb7b18cc0_0 .net "clk", 0 0, v0x5d3eb7b200f0_0;  alias, 1 drivers
v0x5d3eb7b18d60_0 .net "i", 2 0, L_0x5d3eb7b21e10;  1 drivers
v0x5d3eb7b18e20_0 .net "out_en", 0 0, L_0x5d3eb7af0bd0;  alias, 1 drivers
v0x5d3eb7b18ee0_0 .net "out_sel", 0 0, L_0x5d3eb7b21c00;  1 drivers
v0x5d3eb7b18fa0_0 .var/s "reg0", 7 0;
v0x5d3eb7b19080_0 .var/s "reg1", 7 0;
v0x5d3eb7b19160_0 .var/s "reg2", 7 0;
v0x5d3eb7b19240_0 .var/s "reg3", 7 0;
v0x5d3eb7b19320_0 .var/s "reg4", 7 0;
v0x5d3eb7b19400_0 .var/s "reg5", 7 0;
v0x5d3eb7b194e0_0 .var/s "reg6", 7 0;
v0x5d3eb7b195c0_0 .var/s "reg7", 7 0;
v0x5d3eb7b196a0_0 .net/s "regi", 7 0, v0x5d3eb7b1a2a0_0;  alias, 1 drivers
L_0x5d3eb7b21440 .functor MUXZ 8, o0x7eadfa252a68, v0x5d3eb7b18fa0_0, L_0x5d3eb7af0bd0, C4<>;
L_0x5d3eb7b214e0 .functor MUXZ 8, o0x7eadfa252b88, v0x5d3eb7b19080_0, L_0x5d3eb7af0bd0, C4<>;
L_0x5d3eb7b21610 .functor MUXZ 8, o0x7eadfa252bb8, v0x5d3eb7b19160_0, L_0x5d3eb7af0bd0, C4<>;
L_0x5d3eb7b216b0 .functor MUXZ 8, o0x7eadfa252a98, v0x5d3eb7b19240_0, L_0x5d3eb7af0bd0, C4<>;
L_0x5d3eb7b21750 .functor MUXZ 8, o0x7eadfa252ac8, v0x5d3eb7b19320_0, L_0x5d3eb7af0bd0, C4<>;
L_0x5d3eb7b217f0 .functor MUXZ 8, o0x7eadfa252af8, v0x5d3eb7b19400_0, L_0x5d3eb7af0bd0, C4<>;
L_0x5d3eb7b219e0 .functor MUXZ 8, o0x7eadfa252b28, v0x5d3eb7b194e0_0, L_0x5d3eb7af0bd0, C4<>;
L_0x5d3eb7b21ab0 .functor MUXZ 8, o0x7eadfa252b58, v0x5d3eb7b195c0_0, L_0x5d3eb7af0bd0, C4<>;
S_0x5d3eb7b19930 .scope module, "r_b" "register_bank" 4 71, 9 23 0, S_0x5d3eb7af1150;
 .timescale -9 -12;
    .port_info 0 /INPUT 1 "clk";
    .port_info 1 /INPUT 8 "reg_in";
    .port_info 2 /INPUT 1 "write_reg";
    .port_info 3 /INPUT 4 "k";
    .port_info 4 /INPUT 4 "i";
    .port_info 5 /INPUT 4 "j";
    .port_info 6 /OUTPUT 8 "left_out";
    .port_info 7 /OUTPUT 8 "right_out";
v0x5d3eb7b19c30_0 .net "clk", 0 0, v0x5d3eb7b200f0_0;  alias, 1 drivers
v0x5d3eb7b19d40_0 .net "i", 3 0, L_0x5d3eb7b20ef0;  1 drivers
v0x5d3eb7b19e20_0 .net "j", 3 0, L_0x5d3eb7b20fe0;  1 drivers
v0x5d3eb7b19ee0_0 .net "k", 3 0, L_0x5d3eb7b20d40;  1 drivers
v0x5d3eb7b19fc0_0 .var "left_out", 7 0;
v0x5d3eb7b1a120 .array "mem", 0 15, 7 0;
v0x5d3eb7b1a1e0_0 .net "reg_in", 7 0, v0x5d3eb7b17810_0;  alias, 1 drivers
v0x5d3eb7b1a2a0_0 .var "right_out", 7 0;
v0x5d3eb7b1a390_0 .net "write_reg", 0 0, L_0x5d3eb7ae6130;  alias, 1 drivers
S_0x5d3eb7b1bf20 .scope function.vec4.s16, "add" "add" 3 89, 3 89 0, S_0x5d3eb7af1400;
 .timescale -9 -12;
; Variable add is vec4 return value of scope S_0x5d3eb7b1bf20
v0x5d3eb7b1c200_0 .var "x", 3 0;
v0x5d3eb7b1c2e0_0 .var "y", 3 0;
v0x5d3eb7b1c3d0_0 .var "z", 3 0;
TD_tb_processor.add ;
    %pushi/vec4 4, 0, 4;
    %load/vec4 v0x5d3eb7b1c200_0;
    %concat/vec4; draw_concat_vec4
    %load/vec4 v0x5d3eb7b1c2e0_0;
    %concat/vec4; draw_concat_vec4
    %load/vec4 v0x5d3eb7b1c3d0_0;
    %concat/vec4; draw_concat_vec4
    %ret/vec4 0, 0, 16;  Assign to add (store_vec4_to_lval)
    %end;
S_0x5d3eb7b1c4b0 .scope function.vec4.s16, "assign_value" "assign_value" 3 65, 3 65 0, S_0x5d3eb7af1400;
 .timescale -9 -12;
; Variable assign_value is vec4 return value of scope S_0x5d3eb7b1c4b0
v0x5d3eb7b1c7a0_0 .var "x", 3 0;
v0x5d3eb7b1c880_0 .var "y", 7 0;
TD_tb_processor.assign_value ;
    %pushi/vec4 0, 0, 4;
    %load/vec4 v0x5d3eb7b1c880_0;
    %concat/vec4; draw_concat_vec4
    %load/vec4 v0x5d3eb7b1c7a0_0;
    %concat/vec4; draw_concat_vec4
    %ret/vec4 0, 0, 16;  Assign to assign_value (store_vec4_to_lval)
    %end;
S_0x5d3eb7b1c970 .scope function.vec4.s16, "data_input" "data_input" 3 71, 3 71 0, S_0x5d3eb7af1400;
 .timescale -9 -12;
; Variable data_input is vec4 return value of scope S_0x5d3eb7b1c970
v0x5d3eb7b1cc50_0 .var "x", 3 0;
v0x5d3eb7b1cd30_0 .var "y", 3 0;
TD_tb_processor.data_input ;
    %pushi/vec4 2, 0, 4;
    %concati/vec4 0, 0, 4;
    %load/vec4 v0x5d3eb7b1cc50_0;
    %concat/vec4; draw_concat_vec4
    %load/vec4 v0x5d3eb7b1cd30_0;
    %concat/vec4; draw_concat_vec4
    %ret/vec4 0, 0, 16;  Assign to data_input (store_vec4_to_lval)
    %end;
S_0x5d3eb7b1ce20 .scope function.vec4.s16, "data_output" "data_output" 3 77, 3 77 0, S_0x5d3eb7af1400;
 .timescale -9 -12;
; Variable data_output is vec4 return value of scope S_0x5d3eb7b1ce20
v0x5d3eb7b1d150_0 .var "x", 3 0;
v0x5d3eb7b1d230_0 .var "y", 3 0;
TD_tb_processor.data_output ;
    %pushi/vec4 10, 0, 4;
    %load/vec4 v0x5d3eb7b1d150_0;
    %concat/vec4; draw_concat_vec4
    %load/vec4 v0x5d3eb7b1d230_0;
    %concat/vec4; draw_concat_vec4
    %concati/vec4 0, 0, 4;
    %ret/vec4 0, 0, 16;  Assign to data_output (store_vec4_to_lval)
    %end;
S_0x5d3eb7b1d2f0 .scope function.vec4.s16, "jumb_neg" "jumb_neg" 3 115, 3 115 0, S_0x5d3eb7af1400;
 .timescale -9 -12;
; Variable jumb_neg is vec4 return value of scope S_0x5d3eb7b1d2f0
v0x5d3eb7b1d5d0_0 .var "x", 7 0;
v0x5d3eb7b1d6b0_0 .var "y", 3 0;
TD_tb_processor.jumb_neg ;
    %pushi/vec4 13, 0, 4;
    %load/vec4 v0x5d3eb7b1d6b0_0;
    %concat/vec4; draw_concat_vec4
    %load/vec4 v0x5d3eb7b1d5d0_0;
    %concat/vec4; draw_concat_vec4
    %ret/vec4 0, 0, 16;  Assign to jumb_neg (store_vec4_to_lval)
    %end;
S_0x5d3eb7b1d7a0 .scope function.vec4.s16, "jump" "jump" 3 102, 3 102 0, S_0x5d3eb7af1400;
 .timescale -9 -12;
; Variable jump is vec4 return value of scope S_0x5d3eb7b1d7a0
v0x5d3eb7b1da80_0 .var "x", 7 0;
TD_tb_processor.jump ;
    %pushi/vec4 14, 0, 4;
    %concati/vec4 0, 0, 4;
    %load/vec4 v0x5d3eb7b1da80_0;
    %concat/vec4; draw_concat_vec4
    %ret/vec4 0, 0, 16;  Assign to jump (store_vec4_to_lval)
    %end;
S_0x5d3eb7b1db60 .scope function.vec4.s16, "jump_pos" "jump_pos" 3 109, 3 109 0, S_0x5d3eb7af1400;
 .timescale -9 -12;
; Variable jump_pos is vec4 return value of scope S_0x5d3eb7b1db60
v0x5d3eb7b1de40_0 .var "x", 7 0;
v0x5d3eb7b1df20_0 .var "y", 3 0;
TD_tb_processor.jump_pos ;
    %pushi/vec4 12, 0, 4;
    %load/vec4 v0x5d3eb7b1df20_0;
    %concat/vec4; draw_concat_vec4
    %load/vec4 v0x5d3eb7b1de40_0;
    %concat/vec4; draw_concat_vec4
    %ret/vec4 0, 0, 16;  Assign to jump_pos (store_vec4_to_lval)
    %end;
S_0x5d3eb7b1e010 .scope function.vec4.s16, "output_value" "output_value" 3 83, 3 83 0, S_0x5d3eb7af1400;
 .timescale -9 -12;
; Variable output_value is vec4 return value of scope S_0x5d3eb7b1e010
v0x5d3eb7b1e2f0_0 .var "x", 3 0;
v0x5d3eb7b1e3d0_0 .var "y", 7 0;
TD_tb_processor.output_value ;
    %pushi/vec4 8, 0, 4;
    %load/vec4 v0x5d3eb7b1e2f0_0;
    %concat/vec4; draw_concat_vec4
    %load/vec4 v0x5d3eb7b1e3d0_0;
    %concat/vec4; draw_concat_vec4
    %concati/vec4 0, 0, 4;
    %pad/u 16;
    %ret/vec4 0, 0, 16;  Assign to output_value (store_vec4_to_lval)
    %end;
S_0x5d3eb7b1e4c0 .scope task, "reset" "reset" 3 169, 3 169 0, S_0x5d3eb7af1400;
 .timescale -9 -12;
TD_tb_processor.reset ;
    %pushi/vec4 1, 0, 1;
    %store/vec4 v0x5d3eb7b205a0_0, 0, 1;
    %wait E_0x5d3eb7afd0d0;
    %delay 1000, 0;
    %load/vec4 v0x5d3eb7b204e0_0;
    %cmpi/e 0, 0, 8;
    %jmp/0xz  T_8.0, 4;
    %vpi_call/w 3 178 "$display", "RST SUCCESS" {0 0 0};
    %vpi_call/w 3 179 "$display", "The instr number is %d", v0x5d3eb7b204e0_0 {0 0 0};
    %jmp T_8.1;
T_8.0 ;
    %vpi_call/w 3 183 "$display", "RST FAILED" {0 0 0};
    %vpi_call/w 3 184 "$display", "The instr number is %d", v0x5d3eb7b204e0_0 {0 0 0};
T_8.1 ;
    %pushi/vec4 0, 0, 1;
    %store/vec4 v0x5d3eb7b205a0_0, 0, 1;
    %delay 8000, 0;
    %end;
S_0x5d3eb7b1e650 .scope task, "run_simple" "run_simple" 3 216, 3 216 0, S_0x5d3eb7af1400;
 .timescale -9 -12;
TD_tb_processor.run_simple ;
    %pushi/vec4 0, 0, 32;
    %store/vec4 v0x5d3eb7b202a0_0, 0, 32;
T_9.2 ;
    %load/vec4 v0x5d3eb7b202a0_0;
    %cmpi/s 6, 0, 32;
    %jmp/0xz T_9.3, 5;
    %load/vec4 v0x5d3eb7b204e0_0;
    %pad/u 10;
    %ix/vec4 4;
    %load/vec4a v0x5d3eb7b20440, 4;
    %store/vec4 v0x5d3eb7b20380_0, 0, 16;
    %wait E_0x5d3eb7afd0d0;
    %delay 1000, 0;
    %vpi_call/w 3 223 "$display", "The instr number is %d", v0x5d3eb7b204e0_0 {0 0 0};
    %vpi_call/w 3 224 "$display", "The x  in alu is %d", v0x5d3eb7af4c60_0 {0 0 0};
    %vpi_call/w 3 225 "$display", "The y in alu is %d", v0x5d3eb7af3c20_0 {0 0 0};
    %vpi_call/w 3 226 "$display", "The value's of x(3): %d and x(4): %d", &A<v0x5d3eb7b1a120, 3>, &A<v0x5d3eb7b1a120, 4> {0 0 0};
    %vpi_call/w 3 229 "$display", "The added result in alu is %d", v0x5d3eb7af43d0_0 {0 0 0};
    %vpi_call/w 3 230 "$display", "The added value is %d", &A<v0x5d3eb7b1a120, 1> {0 0 0};
    %vpi_call/w 3 231 "$display", "////////////////////////" {0 0 0};
    %delay 8000, 0;
    %load/vec4 v0x5d3eb7b202a0_0;
    %addi 1, 0, 32;
    %store/vec4 v0x5d3eb7b202a0_0, 0, 32;
    %jmp T_9.2;
T_9.3 ;
    %end;
S_0x5d3eb7b1e830 .scope task, "simple" "simple" 3 205, 3 205 0, S_0x5d3eb7af1400;
 .timescale -9 -12;
TD_tb_processor.simple ;
    %pushi/vec4 3, 0, 4;
    %pushi/vec4 45, 0, 8;
    %store/vec4 v0x5d3eb7b1c880_0, 0, 8;
    %store/vec4 v0x5d3eb7b1c7a0_0, 0, 4;
    %callf/vec4 TD_tb_processor.assign_value, S_0x5d3eb7b1c4b0;
    %ix/load 4, 0, 0;
    %flag_set/imm 4, 0;
    %store/vec4a v0x5d3eb7b20440, 4, 0;
    %pushi/vec4 4, 0, 4;
    %pushi/vec4 20, 0, 8;
    %store/vec4 v0x5d3eb7b1c880_0, 0, 8;
    %store/vec4 v0x5d3eb7b1c7a0_0, 0, 4;
    %callf/vec4 TD_tb_processor.assign_value, S_0x5d3eb7b1c4b0;
    %ix/load 4, 1, 0;
    %flag_set/imm 4, 0;
    %store/vec4a v0x5d3eb7b20440, 4, 0;
    %pushi/vec4 3, 0, 4;
    %pushi/vec4 4, 0, 4;
    %pushi/vec4 1, 0, 4;
    %store/vec4 v0x5d3eb7b1c3d0_0, 0, 4;
    %store/vec4 v0x5d3eb7b1c2e0_0, 0, 4;
    %store/vec4 v0x5d3eb7b1c200_0, 0, 4;
    %callf/vec4 TD_tb_processor.add, S_0x5d3eb7b1bf20;
    %ix/load 4, 2, 0;
    %flag_set/imm 4, 0;
    %store/vec4a v0x5d3eb7b20440, 4, 0;
    %pushi/vec4 3, 0, 4;
    %pushi/vec4 4, 0, 4;
    %pushi/vec4 2, 0, 4;
    %store/vec4 v0x5d3eb7b1eec0_0, 0, 4;
    %store/vec4 v0x5d3eb7b1edd0_0, 0, 4;
    %store/vec4 v0x5d3eb7b1ecf0_0, 0, 4;
    %callf/vec4 TD_tb_processor.sub, S_0x5d3eb7b1ea10;
    %ix/load 4, 3, 0;
    %flag_set/imm 4, 0;
    %store/vec4a v0x5d3eb7b20440, 4, 0;
    %pushi/vec4 1, 0, 4;
    %pushi/vec4 1, 0, 4;
    %store/vec4 v0x5d3eb7b1d230_0, 0, 4;
    %store/vec4 v0x5d3eb7b1d150_0, 0, 4;
    %callf/vec4 TD_tb_processor.data_output, S_0x5d3eb7b1ce20;
    %ix/load 4, 4, 0;
    %flag_set/imm 4, 0;
    %store/vec4a v0x5d3eb7b20440, 4, 0;
    %pushi/vec4 2, 0, 4;
    %pushi/vec4 2, 0, 4;
    %store/vec4 v0x5d3eb7b1d230_0, 0, 4;
    %store/vec4 v0x5d3eb7b1d150_0, 0, 4;
    %callf/vec4 TD_tb_processor.data_output, S_0x5d3eb7b1ce20;
    %ix/load 4, 5, 0;
    %flag_set/imm 4, 0;
    %store/vec4a v0x5d3eb7b20440, 4, 0;
    %end;
S_0x5d3eb7b1ea10 .scope function.vec4.s16, "sub" "sub" 3 96, 3 96 0, S_0x5d3eb7af1400;
 .timescale -9 -12;
; Variable sub is vec4 return value of scope S_0x5d3eb7b1ea10
v0x5d3eb7b1ecf0_0 .var "x", 3 0;
v0x5d3eb7b1edd0_0 .var "y", 3 0;
v0x5d3eb7b1eec0_0 .var "z", 3 0;
TD_tb_processor.sub ;
    %pushi/vec4 5, 0, 4;
    %load/vec4 v0x5d3eb7b1ecf0_0;
    %concat/vec4; draw_concat_vec4
    %load/vec4 v0x5d3eb7b1edd0_0;
    %concat/vec4; draw_concat_vec4
    %load/vec4 v0x5d3eb7b1eec0_0;
    %concat/vec4; draw_concat_vec4
    %ret/vec4 0, 0, 16;  Assign to sub (store_vec4_to_lval)
    %end;
    .scope S_0x5d3eb7b169a0;
T_12 ;
    %wait E_0x5d3eb7afd110;
    %load/vec4 v0x5d3eb7b17670_0;
    %dup/vec4;
    %pushi/vec4 0, 0, 2;
    %cmp/u;
    %jmp/1 T_12.0, 6;
    %dup/vec4;
    %pushi/vec4 1, 0, 2;
    %cmp/u;
    %jmp/1 T_12.1, 6;
    %dup/vec4;
    %pushi/vec4 2, 0, 2;
    %cmp/u;
    %jmp/1 T_12.2, 6;
    %dup/vec4;
    %pushi/vec4 3, 0, 2;
    %cmp/u;
    %jmp/1 T_12.3, 6;
    %pushi/vec4 255, 255, 8;
    %store/vec4 v0x5d3eb7b17810_0, 0, 8;
    %jmp T_12.5;
T_12.0 ;
    %load/vec4 v0x5d3eb7b16d30_0;
    %store/vec4 v0x5d3eb7b17810_0, 0, 8;
    %jmp T_12.5;
T_12.1 ;
    %load/vec4 v0x5d3eb7b17590_0;
    %dup/vec4;
    %pushi/vec4 0, 0, 3;
    %cmp/u;
    %jmp/1 T_12.6, 6;
    %dup/vec4;
    %pushi/vec4 1, 0, 3;
    %cmp/u;
    %jmp/1 T_12.7, 6;
    %dup/vec4;
    %pushi/vec4 2, 0, 3;
    %cmp/u;
    %jmp/1 T_12.8, 6;
    %dup/vec4;
    %pushi/vec4 3, 0, 3;
    %cmp/u;
    %jmp/1 T_12.9, 6;
    %dup/vec4;
    %pushi/vec4 4, 0, 3;
    %cmp/u;
    %jmp/1 T_12.10, 6;
    %dup/vec4;
    %pushi/vec4 5, 0, 3;
    %cmp/u;
    %jmp/1 T_12.11, 6;
    %dup/vec4;
    %pushi/vec4 6, 0, 3;
    %cmp/u;
    %jmp/1 T_12.12, 6;
    %dup/vec4;
    %pushi/vec4 7, 0, 3;
    %cmp/u;
    %jmp/1 T_12.13, 6;
    %pushi/vec4 255, 255, 8;
    %store/vec4 v0x5d3eb7b17810_0, 0, 8;
    %jmp T_12.15;
T_12.6 ;
    %load/vec4 v0x5d3eb7b16e30_0;
    %store/vec4 v0x5d3eb7b17810_0, 0, 8;
    %jmp T_12.15;
T_12.7 ;
    %load/vec4 v0x5d3eb7b16f10_0;
    %store/vec4 v0x5d3eb7b17810_0, 0, 8;
    %jmp T_12.15;
T_12.8 ;
    %load/vec4 v0x5d3eb7b17000_0;
    %store/vec4 v0x5d3eb7b17810_0, 0, 8;
    %jmp T_12.15;
T_12.9 ;
    %load/vec4 v0x5d3eb7b170e0_0;
    %store/vec4 v0x5d3eb7b17810_0, 0, 8;
    %jmp T_12.15;
T_12.10 ;
    %load/vec4 v0x5d3eb7b17210_0;
    %store/vec4 v0x5d3eb7b17810_0, 0, 8;
    %jmp T_12.15;
T_12.11 ;
    %load/vec4 v0x5d3eb7b172f0_0;
    %store/vec4 v0x5d3eb7b17810_0, 0, 8;
    %jmp T_12.15;
T_12.12 ;
    %load/vec4 v0x5d3eb7b173d0_0;
    %store/vec4 v0x5d3eb7b17810_0, 0, 8;
    %jmp T_12.15;
T_12.13 ;
    %load/vec4 v0x5d3eb7b174b0_0;
    %store/vec4 v0x5d3eb7b17810_0, 0, 8;
    %jmp T_12.15;
T_12.15 ;
    %pop/vec4 1;
    %jmp T_12.5;
T_12.2 ;
    %load/vec4 v0x5d3eb7b17750_0;
    %store/vec4 v0x5d3eb7b17810_0, 0, 8;
    %jmp T_12.5;
T_12.3 ;
    %pushi/vec4 0, 0, 8;
    %store/vec4 v0x5d3eb7b17810_0, 0, 8;
    %jmp T_12.5;
T_12.5 ;
    %pop/vec4 1;
    %jmp T_12;
    .thread T_12, $push;
    .scope S_0x5d3eb7b19930;
T_13 ;
    %wait E_0x5d3eb7afd0d0;
    %load/vec4 v0x5d3eb7b1a390_0;
    %flag_set/vec4 8;
    %jmp/0xz  T_13.0, 8;
    %load/vec4 v0x5d3eb7b1a1e0_0;
    %load/vec4 v0x5d3eb7b19ee0_0;
    %pad/u 6;
    %ix/vec4 3;
    %ix/load 4, 0, 0; Constant delay
    %assign/vec4/a/d v0x5d3eb7b1a120, 0, 4;
T_13.0 ;
    %load/vec4 v0x5d3eb7b19d40_0;
    %pad/u 6;
    %ix/vec4 4;
    %load/vec4a v0x5d3eb7b1a120, 4;
    %assign/vec4 v0x5d3eb7b19fc0_0, 0;
    %load/vec4 v0x5d3eb7b19e20_0;
    %pad/u 6;
    %ix/vec4 4;
    %load/vec4a v0x5d3eb7b1a120, 4;
    %assign/vec4 v0x5d3eb7b1a2a0_0, 0;
    %jmp T_13;
    .thread T_13;
    .scope S_0x5d3eb7b17a70;
T_14 ;
    %wait E_0x5d3eb7afd0d0;
    %load/vec4 v0x5d3eb7b18e20_0;
    %flag_set/vec4 8;
    %jmp/0xz  T_14.0, 8;
    %load/vec4 v0x5d3eb7b18d60_0;
    %dup/vec4;
    %pushi/vec4 0, 0, 3;
    %cmp/u;
    %jmp/1 T_14.2, 6;
    %dup/vec4;
    %pushi/vec4 1, 0, 3;
    %cmp/u;
    %jmp/1 T_14.3, 6;
    %dup/vec4;
    %pushi/vec4 2, 0, 3;
    %cmp/u;
    %jmp/1 T_14.4, 6;
    %dup/vec4;
    %pushi/vec4 3, 0, 3;
    %cmp/u;
    %jmp/1 T_14.5, 6;
    %dup/vec4;
    %pushi/vec4 4, 0, 3;
    %cmp/u;
    %jmp/1 T_14.6, 6;
    %dup/vec4;
    %pushi/vec4 5, 0, 3;
    %cmp/u;
    %jmp/1 T_14.7, 6;
    %dup/vec4;
    %pushi/vec4 6, 0, 3;
    %cmp/u;
    %jmp/1 T_14.8, 6;
    %dup/vec4;
    %pushi/vec4 7, 0, 3;
    %cmp/u;
    %jmp/1 T_14.9, 6;
    %jmp T_14.10;
T_14.2 ;
    %load/vec4 v0x5d3eb7b18ee0_0;
    %flag_set/vec4 8;
    %jmp/0 T_14.11, 8;
    %load/vec4 v0x5d3eb7b17d60_0;
    %jmp/1 T_14.12, 8;
T_14.11 ; End of true expr.
    %load/vec4 v0x5d3eb7b196a0_0;
    %jmp/0 T_14.12, 8;
 ; End of false expr.
    %blend;
T_14.12;
    %assign/vec4 v0x5d3eb7b18fa0_0, 0;
    %jmp T_14.10;
T_14.3 ;
    %load/vec4 v0x5d3eb7b18ee0_0;
    %flag_set/vec4 8;
    %jmp/0 T_14.13, 8;
    %load/vec4 v0x5d3eb7b17d60_0;
    %jmp/1 T_14.14, 8;
T_14.13 ; End of true expr.
    %load/vec4 v0x5d3eb7b196a0_0;
    %jmp/0 T_14.14, 8;
 ; End of false expr.
    %blend;
T_14.14;
    %assign/vec4 v0x5d3eb7b19080_0, 0;
    %jmp T_14.10;
T_14.4 ;
    %load/vec4 v0x5d3eb7b18ee0_0;
    %flag_set/vec4 8;
    %jmp/0 T_14.15, 8;
    %load/vec4 v0x5d3eb7b17d60_0;
    %jmp/1 T_14.16, 8;
T_14.15 ; End of true expr.
    %load/vec4 v0x5d3eb7b196a0_0;
    %jmp/0 T_14.16, 8;
 ; End of false expr.
    %blend;
T_14.16;
    %assign/vec4 v0x5d3eb7b19160_0, 0;
    %jmp T_14.10;
T_14.5 ;
    %load/vec4 v0x5d3eb7b18ee0_0;
    %flag_set/vec4 8;
    %jmp/0 T_14.17, 8;
    %load/vec4 v0x5d3eb7b17d60_0;
    %jmp/1 T_14.18, 8;
T_14.17 ; End of true expr.
    %load/vec4 v0x5d3eb7b196a0_0;
    %jmp/0 T_14.18, 8;
 ; End of false expr.
    %blend;
T_14.18;
    %assign/vec4 v0x5d3eb7b19240_0, 0;
    %jmp T_14.10;
T_14.6 ;
    %load/vec4 v0x5d3eb7b18ee0_0;
    %flag_set/vec4 8;
    %jmp/0 T_14.19, 8;
    %load/vec4 v0x5d3eb7b17d60_0;
    %jmp/1 T_14.20, 8;
T_14.19 ; End of true expr.
    %load/vec4 v0x5d3eb7b196a0_0;
    %jmp/0 T_14.20, 8;
 ; End of false expr.
    %blend;
T_14.20;
    %assign/vec4 v0x5d3eb7b19320_0, 0;
    %jmp T_14.10;
T_14.7 ;
    %load/vec4 v0x5d3eb7b18ee0_0;
    %flag_set/vec4 8;
    %jmp/0 T_14.21, 8;
    %load/vec4 v0x5d3eb7b17d60_0;
    %jmp/1 T_14.22, 8;
T_14.21 ; End of true expr.
    %load/vec4 v0x5d3eb7b196a0_0;
    %jmp/0 T_14.22, 8;
 ; End of false expr.
    %blend;
T_14.22;
    %assign/vec4 v0x5d3eb7b19400_0, 0;
    %jmp T_14.10;
T_14.8 ;
    %load/vec4 v0x5d3eb7b18ee0_0;
    %flag_set/vec4 8;
    %jmp/0 T_14.23, 8;
    %load/vec4 v0x5d3eb7b17d60_0;
    %jmp/1 T_14.24, 8;
T_14.23 ; End of true expr.
    %load/vec4 v0x5d3eb7b196a0_0;
    %jmp/0 T_14.24, 8;
 ; End of false expr.
    %blend;
T_14.24;
    %assign/vec4 v0x5d3eb7b194e0_0, 0;
    %jmp T_14.10;
T_14.9 ;
    %load/vec4 v0x5d3eb7b18ee0_0;
    %flag_set/vec4 8;
    %jmp/0 T_14.25, 8;
    %load/vec4 v0x5d3eb7b17d60_0;
    %jmp/1 T_14.26, 8;
T_14.25 ; End of true expr.
    %load/vec4 v0x5d3eb7b196a0_0;
    %jmp/0 T_14.26, 8;
 ; End of false expr.
    %blend;
T_14.26;
    %assign/vec4 v0x5d3eb7b195c0_0, 0;
    %jmp T_14.10;
T_14.10 ;
    %pop/vec4 1;
T_14.0 ;
    %jmp T_14;
    .thread T_14;
    .scope S_0x5d3eb7b16180;
T_15 ;
    %wait E_0x5d3eb7afd0d0;
    %load/vec4 v0x5d3eb7b16820_0;
    %flag_set/vec4 8;
    %jmp/0xz  T_15.0, 8;
    %pushi/vec4 0, 0, 8;
    %assign/vec4 v0x5d3eb7b166f0_0, 0;
    %jmp T_15.1;
T_15.0 ;
    %load/vec4 v0x5d3eb7b16630_0;
    %dup/vec4;
    %pushi/vec4 14, 0, 4;
    %cmp/u;
    %jmp/1 T_15.2, 6;
    %dup/vec4;
    %pushi/vec4 12, 0, 4;
    %cmp/u;
    %jmp/1 T_15.3, 6;
    %dup/vec4;
    %pushi/vec4 13, 0, 4;
    %cmp/u;
    %jmp/1 T_15.4, 6;
    %load/vec4 v0x5d3eb7b166f0_0;
    %addi 1, 0, 8;
    %assign/vec4 v0x5d3eb7b166f0_0, 0;
    %jmp T_15.6;
T_15.2 ;
    %load/vec4 v0x5d3eb7b163a0_0;
    %assign/vec4 v0x5d3eb7b166f0_0, 0;
    %jmp T_15.6;
T_15.3 ;
    %load/vec4 v0x5d3eb7b16560_0;
    %pad/s 32;
    %cmpi/s 0, 0, 32;
    %flag_or 5, 4; GT is !LE
    %flag_inv 5;
    %jmp/0xz  T_15.7, 5;
    %load/vec4 v0x5d3eb7b163a0_0;
    %assign/vec4 v0x5d3eb7b166f0_0, 0;
    %jmp T_15.8;
T_15.7 ;
    %load/vec4 v0x5d3eb7b166f0_0;
    %addi 1, 0, 8;
    %assign/vec4 v0x5d3eb7b166f0_0, 0;
T_15.8 ;
    %jmp T_15.6;
T_15.4 ;
    %load/vec4 v0x5d3eb7b16560_0;
    %pad/s 32;
    %cmpi/s 0, 0, 32;
    %jmp/0xz  T_15.9, 5;
    %load/vec4 v0x5d3eb7b163a0_0;
    %assign/vec4 v0x5d3eb7b166f0_0, 0;
    %jmp T_15.10;
T_15.9 ;
    %load/vec4 v0x5d3eb7b166f0_0;
    %addi 1, 0, 8;
    %assign/vec4 v0x5d3eb7b166f0_0, 0;
T_15.10 ;
    %jmp T_15.6;
T_15.6 ;
    %pop/vec4 1;
T_15.1 ;
    %jmp T_15;
    .thread T_15;
    .scope S_0x5d3eb7af1400;
T_16 ;
    %pushi/vec4 0, 0, 1;
    %store/vec4 v0x5d3eb7b200f0_0, 0, 1;
    %end;
    .thread T_16, $init;
    .scope S_0x5d3eb7af1400;
T_17 ;
    %delay 5000, 0;
    %load/vec4 v0x5d3eb7b200f0_0;
    %inv;
    %store/vec4 v0x5d3eb7b200f0_0, 0, 1;
    %jmp T_17;
    .thread T_17;
    .scope S_0x5d3eb7af1400;
T_18 ;
    %vpi_call/w 3 245 "$dumpfile", "tb_processor.vcd" {0 0 0};
    %vpi_call/w 3 246 "$dumpvars", 32'sb00000000000000000000000000000000, S_0x5d3eb7af1400 {0 0 0};
    %fork TD_tb_processor.reset, S_0x5d3eb7b1e4c0;
    %join;
    %fork TD_tb_processor.simple, S_0x5d3eb7b1e830;
    %join;
    %fork TD_tb_processor.run_simple, S_0x5d3eb7b1e650;
    %join;
    %vpi_call/w 3 251 "$display", "After completing the mem" {0 0 0};
    %vpi_call/w 3 252 "$display", "The value's of x(3): %d and x(4): %d", &A<v0x5d3eb7b1a120, 3>, &A<v0x5d3eb7b1a120, 4> {0 0 0};
    %delay 10000, 0;
    %vpi_call/w 3 254 "$finish" {0 0 0};
    %end;
    .thread T_18;
# The file index is used to find the file name in the following table.
:file_names 10;
    "N/A";
    "<interactive>";
    "-";
    "../tb/tb_processor.v";
    "../rtl/processor_top.v";
    "../rtl/arithmetic_unit.v";
    "../rtl/go_to.v";
    "../rtl/input_selection.v";
    "../rtl/output_selection.v";
    "../rtl/register_bank.v";
