#! /usr/bin/vvp
:ivl_version "11.0 (stable)";
:ivl_delay_selection "TYPICAL";
:vpi_time_precision - 12;
:vpi_module "/usr/lib/x86_64-linux-gnu/ivl/system.vpi";
:vpi_module "/usr/lib/x86_64-linux-gnu/ivl/vhdl_sys.vpi";
:vpi_module "/usr/lib/x86_64-linux-gnu/ivl/vhdl_textio.vpi";
:vpi_module "/usr/lib/x86_64-linux-gnu/ivl/v2005_math.vpi";
:vpi_module "/usr/lib/x86_64-linux-gnu/ivl/va_math.vpi";
:vpi_module "/usr/lib/x86_64-linux-gnu/ivl/v2009.vpi";
S_0x5be4ffee0850 .scope package, "$unit" "$unit" 2 1;
 .timescale 0 0;
S_0x5be4ffedf8a0 .scope module, "tb_processor" "tb_processor" 3 3;
 .timescale -9 -12;
P_0x5be4ffebfb80 .param/l "cycle" 0 3 386, +C4<00000000000000000000000000001010>;
P_0x5be4ffebfbc0 .param/l "thold" 0 3 387, +C4<00000000000000000000000000000001>;
P_0x5be4ffebfc00 .param/l "tsetup" 0 3 388, +C4<00000000000000000000000000000001>;
v0x5be4fff0f2b0_0 .var/s "IN0", 7 0;
v0x5be4fff0f3e0_0 .var/s "IN1", 7 0;
v0x5be4fff0f4f0_0 .var/s "IN2", 7 0;
v0x5be4fff0f5e0_0 .var/s "IN3", 7 0;
v0x5be4fff0f6f0_0 .var/s "IN4", 7 0;
v0x5be4fff0f850_0 .var/s "IN5", 7 0;
v0x5be4fff0f960_0 .var/s "IN6", 7 0;
v0x5be4fff0fa70_0 .var/s "IN7", 7 0;
v0x5be4fff0fb80_0 .net/s "OUT0", 7 0, L_0x5be4fff11d00;  1 drivers
v0x5be4fff0fc40_0 .net/s "OUT1", 7 0, L_0x5be4fff11da0;  1 drivers
v0x5be4fff0fd50_0 .net/s "OUT2", 7 0, L_0x5be4fff11e40;  1 drivers
v0x5be4fff0fe60_0 .net/s "OUT3", 7 0, L_0x5be4fff11ee0;  1 drivers
v0x5be4fff0ff70_0 .net/s "OUT4", 7 0, L_0x5be4fff11f80;  1 drivers
v0x5be4fff10080_0 .net/s "OUT5", 7 0, L_0x5be4fff12020;  1 drivers
v0x5be4fff10190_0 .net/s "OUT6", 7 0, L_0x5be4fff12210;  1 drivers
v0x5be4fff102a0_0 .net/s "OUT7", 7 0, L_0x5be4fff122b0;  1 drivers
v0x5be4fff103b0_0 .var "clk", 0 0;
v0x5be4fff10560_0 .var/i "i", 31 0;
v0x5be4fff10640_0 .var "instr", 15 0;
v0x5be4fff10700 .array "mem", 0 255, 15 0;
v0x5be4fff107a0_0 .net "number", 7 0, v0x5be4fff03270_0;  1 drivers
v0x5be4fff10860_0 .var "rst", 0 0;
S_0x5be4ffedeb10 .scope module, "DUT" "processor_top" 3 363, 4 3 0, S_0x5be4ffedf8a0;
 .timescale -9 -12;
    .port_info 0 /INPUT 1 "clk";
    .port_info 1 /INPUT 1 "rst";
    .port_info 2 /INPUT 8 "IN0";
    .port_info 3 /INPUT 8 "IN1";
    .port_info 4 /INPUT 8 "IN2";
    .port_info 5 /INPUT 8 "IN3";
    .port_info 6 /INPUT 8 "IN4";
    .port_info 7 /INPUT 8 "IN5";
    .port_info 8 /INPUT 8 "IN6";
    .port_info 9 /INPUT 8 "IN7";
    .port_info 10 /INPUT 16 "instr";
    .port_info 11 /OUTPUT 8 "OUT0";
    .port_info 12 /OUTPUT 8 "OUT1";
    .port_info 13 /OUTPUT 8 "OUT2";
    .port_info 14 /OUTPUT 8 "OUT3";
    .port_info 15 /OUTPUT 8 "OUT4";
    .port_info 16 /OUTPUT 8 "OUT5";
    .port_info 17 /OUTPUT 8 "OUT6";
    .port_info 18 /OUTPUT 8 "OUT7";
    .port_info 19 /OUTPUT 8 "number";
L_0x5be4ffea79b0 .functor NOT 1, L_0x5be4fff10950, C4<0>, C4<0>, C4<0>;
L_0x5be4ffea2360 .functor NOT 1, L_0x5be4fff10bc0, C4<0>, C4<0>, C4<0>;
L_0x5be4ffedfef0 .functor AND 1, L_0x5be4fff10b20, L_0x5be4ffea2360, C4<1>, C4<1>;
v0x5be4fff07610_0 .net/s "IN0", 7 0, v0x5be4fff0f2b0_0;  1 drivers
v0x5be4fff076f0_0 .net/s "IN1", 7 0, v0x5be4fff0f3e0_0;  1 drivers
v0x5be4fff07790_0 .net/s "IN2", 7 0, v0x5be4fff0f4f0_0;  1 drivers
v0x5be4fff07860_0 .net/s "IN3", 7 0, v0x5be4fff0f5e0_0;  1 drivers
v0x5be4fff07930_0 .net/s "IN4", 7 0, v0x5be4fff0f6f0_0;  1 drivers
v0x5be4fff079d0_0 .net/s "IN5", 7 0, v0x5be4fff0f850_0;  1 drivers
v0x5be4fff07aa0_0 .net/s "IN6", 7 0, v0x5be4fff0f960_0;  1 drivers
v0x5be4fff07b70_0 .net/s "IN7", 7 0, v0x5be4fff0fa70_0;  1 drivers
v0x5be4fff07c40_0 .net/s "OUT0", 7 0, L_0x5be4fff11d00;  alias, 1 drivers
v0x5be4fff07da0_0 .net/s "OUT1", 7 0, L_0x5be4fff11da0;  alias, 1 drivers
v0x5be4fff07e70_0 .net/s "OUT2", 7 0, L_0x5be4fff11e40;  alias, 1 drivers
v0x5be4fff07f40_0 .net/s "OUT3", 7 0, L_0x5be4fff11ee0;  alias, 1 drivers
v0x5be4fff08010_0 .net/s "OUT4", 7 0, L_0x5be4fff11f80;  alias, 1 drivers
v0x5be4fff080e0_0 .net/s "OUT5", 7 0, L_0x5be4fff12020;  alias, 1 drivers
v0x5be4fff081b0_0 .net/s "OUT6", 7 0, L_0x5be4fff12210;  alias, 1 drivers
v0x5be4fff08280_0 .net/s "OUT7", 7 0, L_0x5be4fff122b0;  alias, 1 drivers
v0x5be4fff08350_0 .net *"_ivl_1", 0 0, L_0x5be4fff10950;  1 drivers
v0x5be4fff083f0_0 .net *"_ivl_5", 0 0, L_0x5be4fff10b20;  1 drivers
v0x5be4fff084d0_0 .net *"_ivl_7", 0 0, L_0x5be4fff10bc0;  1 drivers
v0x5be4fff085b0_0 .net *"_ivl_8", 0 0, L_0x5be4ffea2360;  1 drivers
v0x5be4fff08690_0 .net "clk", 0 0, v0x5be4fff103b0_0;  1 drivers
v0x5be4fff08730_0 .net "instr", 15 0, v0x5be4fff10640_0;  1 drivers
v0x5be4fff08810_0 .net/s "left_out", 7 0, L_0x5be4ffee75d0;  1 drivers
v0x5be4fff088d0_0 .net "number", 7 0, v0x5be4fff03270_0;  alias, 1 drivers
v0x5be4fff089c0_0 .net "out_en", 0 0, L_0x5be4ffedfef0;  1 drivers
v0x5be4fff08a90_0 .net/s "reg_in", 7 0, v0x5be4fff04390_0;  1 drivers
v0x5be4fff08b30_0 .net/s "result", 7 0, L_0x5be4fff11a70;  1 drivers
v0x5be4fff08c20_0 .net/s "right_out", 7 0, L_0x5be4ffe408b0;  1 drivers
v0x5be4fff08ce0_0 .net "rst", 0 0, v0x5be4fff10860_0;  1 drivers
v0x5be4fff08d80_0 .net "write_reg", 0 0, L_0x5be4ffea79b0;  1 drivers
L_0x5be4fff10950 .part v0x5be4fff10640_0, 15, 1;
L_0x5be4fff10b20 .part v0x5be4fff10640_0, 15, 1;
L_0x5be4fff10bc0 .part v0x5be4fff10640_0, 14, 1;
L_0x5be4fff10de0 .part v0x5be4fff10640_0, 13, 2;
L_0x5be4fff10e80 .part v0x5be4fff10640_0, 4, 8;
L_0x5be4fff10f20 .part v0x5be4fff10640_0, 4, 3;
L_0x5be4fff114e0 .part v0x5be4fff10640_0, 0, 4;
L_0x5be4fff11690 .part v0x5be4fff10640_0, 8, 4;
L_0x5be4fff117d0 .part v0x5be4fff10640_0, 4, 4;
L_0x5be4fff11bb0 .part v0x5be4fff10640_0, 12, 1;
L_0x5be4fff123a0 .part v0x5be4fff10640_0, 13, 1;
L_0x5be4fff12470 .part v0x5be4fff10640_0, 0, 8;
L_0x5be4fff125b0 .part v0x5be4fff10640_0, 8, 3;
L_0x5be4fff12680 .part v0x5be4fff10640_0, 12, 4;
L_0x5be4fff127d0 .part v0x5be4fff10640_0, 0, 8;
S_0x5be4ffe38ca0 .scope module, "a_u" "arithmetic_unit" 4 61, 5 3 0, S_0x5be4ffedeb10;
 .timescale -9 -12;
    .port_info 0 /INPUT 8 "left_in";
    .port_info 1 /INPUT 8 "right_in";
    .port_info 2 /INPUT 1 "f";
    .port_info 3 /OUTPUT 8 "result";
v0x5be4ffee5260_0 .net/s *"_ivl_0", 7 0, L_0x5be4fff118c0;  1 drivers
v0x5be4ffee49d0_0 .net/s *"_ivl_2", 7 0, L_0x5be4fff119d0;  1 drivers
v0x5be4ffee4140_0 .net "f", 0 0, L_0x5be4fff11bb0;  1 drivers
v0x5be4ffee38b0_0 .net/s "left_in", 7 0, L_0x5be4ffee75d0;  alias, 1 drivers
v0x5be4ffee3020_0 .net/s "result", 7 0, L_0x5be4fff11a70;  alias, 1 drivers
v0x5be4ffee2790_0 .net/s "right_in", 7 0, L_0x5be4ffe408b0;  alias, 1 drivers
L_0x5be4fff118c0 .arith/sub 8, L_0x5be4ffee75d0, L_0x5be4ffe408b0;
L_0x5be4fff119d0 .arith/sum 8, L_0x5be4ffee75d0, L_0x5be4ffe408b0;
L_0x5be4fff11a70 .functor MUXZ 8, L_0x5be4fff119d0, L_0x5be4fff118c0, L_0x5be4fff11bb0, C4<>;
S_0x5be4fff02d00 .scope module, "g_t" "go_to" 4 81, 6 3 0, S_0x5be4ffedeb10;
 .timescale -9 -12;
    .port_info 0 /INPUT 1 "clk";
    .port_info 1 /INPUT 1 "rst";
    .port_info 2 /INPUT 4 "numb_sel";
    .port_info 3 /INPUT 8 "data";
    .port_info 4 /INPUT 8 "N";
    .port_info 5 /OUTPUT 8 "number";
v0x5be4fff02f20_0 .net "N", 7 0, L_0x5be4fff127d0;  1 drivers
v0x5be4fff03020_0 .net "clk", 0 0, v0x5be4fff103b0_0;  alias, 1 drivers
v0x5be4fff030e0_0 .net/s "data", 7 0, L_0x5be4ffee75d0;  alias, 1 drivers
v0x5be4fff031b0_0 .net "numb_sel", 3 0, L_0x5be4fff12680;  1 drivers
v0x5be4fff03270_0 .var "number", 7 0;
v0x5be4fff033a0_0 .net "rst", 0 0, v0x5be4fff10860_0;  alias, 1 drivers
E_0x5be4ffdff390 .event posedge, v0x5be4fff03020_0;
S_0x5be4fff03520 .scope module, "i_s" "input_selection" 4 38, 7 3 0, S_0x5be4ffedeb10;
 .timescale -9 -12;
    .port_info 0 /INPUT 2 "input_ctl";
    .port_info 1 /INPUT 8 "IN0";
    .port_info 2 /INPUT 8 "IN1";
    .port_info 3 /INPUT 8 "IN2";
    .port_info 4 /INPUT 8 "IN3";
    .port_info 5 /INPUT 8 "IN4";
    .port_info 6 /INPUT 8 "IN5";
    .port_info 7 /INPUT 8 "IN6";
    .port_info 8 /INPUT 8 "IN7";
    .port_info 9 /INPUT 8 "A";
    .port_info 10 /INPUT 3 "J";
    .port_info 11 /INPUT 8 "result";
    .port_info 12 /OUTPUT 8 "to_reg";
v0x5be4fff038b0_0 .net "A", 7 0, L_0x5be4fff10e80;  1 drivers
v0x5be4fff039b0_0 .net "IN0", 7 0, v0x5be4fff0f2b0_0;  alias, 1 drivers
v0x5be4fff03a90_0 .net "IN1", 7 0, v0x5be4fff0f3e0_0;  alias, 1 drivers
v0x5be4fff03b80_0 .net "IN2", 7 0, v0x5be4fff0f4f0_0;  alias, 1 drivers
v0x5be4fff03c60_0 .net "IN3", 7 0, v0x5be4fff0f5e0_0;  alias, 1 drivers
v0x5be4fff03d90_0 .net "IN4", 7 0, v0x5be4fff0f6f0_0;  alias, 1 drivers
v0x5be4fff03e70_0 .net "IN5", 7 0, v0x5be4fff0f850_0;  alias, 1 drivers
v0x5be4fff03f50_0 .net "IN6", 7 0, v0x5be4fff0f960_0;  alias, 1 drivers
v0x5be4fff04030_0 .net "IN7", 7 0, v0x5be4fff0fa70_0;  alias, 1 drivers
v0x5be4fff04110_0 .net "J", 2 0, L_0x5be4fff10f20;  1 drivers
v0x5be4fff041f0_0 .net "input_ctl", 1 0, L_0x5be4fff10de0;  1 drivers
v0x5be4fff042d0_0 .net "result", 7 0, L_0x5be4fff11a70;  alias, 1 drivers
v0x5be4fff04390_0 .var "to_reg", 7 0;
E_0x5be4ffe38080/0 .event edge, v0x5be4fff041f0_0, v0x5be4fff038b0_0, v0x5be4fff04110_0, v0x5be4fff039b0_0;
E_0x5be4ffe38080/1 .event edge, v0x5be4fff03a90_0, v0x5be4fff03b80_0, v0x5be4fff03c60_0, v0x5be4fff03d90_0;
E_0x5be4ffe38080/2 .event edge, v0x5be4fff03e70_0, v0x5be4fff03f50_0, v0x5be4fff04030_0, v0x5be4ffee3020_0;
E_0x5be4ffe38080 .event/or E_0x5be4ffe38080/0, E_0x5be4ffe38080/1, E_0x5be4ffe38080/2;
S_0x5be4fff045f0 .scope module, "o_u" "output_selection" 4 66, 8 1 0, S_0x5be4ffedeb10;
 .timescale -9 -12;
    .port_info 0 /INPUT 1 "clk";
    .port_info 1 /INPUT 8 "regi";
    .port_info 2 /INPUT 1 "out_en";
    .port_info 3 /INPUT 1 "out_sel";
    .port_info 4 /INPUT 8 "A";
    .port_info 5 /INPUT 3 "i";
    .port_info 6 /OUTPUT 8 "OUT0";
    .port_info 7 /OUTPUT 8 "OUT1";
    .port_info 8 /OUTPUT 8 "OUT2";
    .port_info 9 /OUTPUT 8 "OUT3";
    .port_info 10 /OUTPUT 8 "OUT4";
    .port_info 11 /OUTPUT 8 "OUT5";
    .port_info 12 /OUTPUT 8 "OUT6";
    .port_info 13 /OUTPUT 8 "OUT7";
v0x5be4fff048e0_0 .net/s "A", 7 0, L_0x5be4fff12470;  1 drivers
v0x5be4fff049e0_0 .net/s "OUT0", 7 0, L_0x5be4fff11d00;  alias, 1 drivers
v0x5be4fff04ac0_0 .net/s "OUT1", 7 0, L_0x5be4fff11da0;  alias, 1 drivers
v0x5be4fff04bb0_0 .net/s "OUT2", 7 0, L_0x5be4fff11e40;  alias, 1 drivers
v0x5be4fff04c90_0 .net/s "OUT3", 7 0, L_0x5be4fff11ee0;  alias, 1 drivers
v0x5be4fff04dc0_0 .net/s "OUT4", 7 0, L_0x5be4fff11f80;  alias, 1 drivers
v0x5be4fff04ea0_0 .net/s "OUT5", 7 0, L_0x5be4fff12020;  alias, 1 drivers
v0x5be4fff04f80_0 .net/s "OUT6", 7 0, L_0x5be4fff12210;  alias, 1 drivers
v0x5be4fff05060_0 .net/s "OUT7", 7 0, L_0x5be4fff122b0;  alias, 1 drivers
o0x744d9a4b5a68 .functor BUFZ 8, C4<zzzzzzzz>; HiZ drive
; Elide local net with no drivers, v0x5be4fff05140_0 name=_ivl_0
o0x744d9a4b5a98 .functor BUFZ 8, C4<zzzzzzzz>; HiZ drive
; Elide local net with no drivers, v0x5be4fff05220_0 name=_ivl_12
o0x744d9a4b5ac8 .functor BUFZ 8, C4<zzzzzzzz>; HiZ drive
; Elide local net with no drivers, v0x5be4fff05300_0 name=_ivl_16
o0x744d9a4b5af8 .functor BUFZ 8, C4<zzzzzzzz>; HiZ drive
; Elide local net with no drivers, v0x5be4fff053e0_0 name=_ivl_20
o0x744d9a4b5b28 .functor BUFZ 8, C4<zzzzzzzz>; HiZ drive
; Elide local net with no drivers, v0x5be4fff054c0_0 name=_ivl_24
o0x744d9a4b5b58 .functor BUFZ 8, C4<zzzzzzzz>; HiZ drive
; Elide local net with no drivers, v0x5be4fff055a0_0 name=_ivl_28
o0x744d9a4b5b88 .functor BUFZ 8, C4<zzzzzzzz>; HiZ drive
; Elide local net with no drivers, v0x5be4fff05680_0 name=_ivl_4
o0x744d9a4b5bb8 .functor BUFZ 8, C4<zzzzzzzz>; HiZ drive
; Elide local net with no drivers, v0x5be4fff05760_0 name=_ivl_8
v0x5be4fff05840_0 .net "clk", 0 0, v0x5be4fff103b0_0;  alias, 1 drivers
v0x5be4fff058e0_0 .net "i", 2 0, L_0x5be4fff125b0;  1 drivers
v0x5be4fff059a0_0 .net "out_en", 0 0, L_0x5be4ffedfef0;  alias, 1 drivers
v0x5be4fff05a60_0 .net "out_sel", 0 0, L_0x5be4fff123a0;  1 drivers
v0x5be4fff05b20_0 .var/s "reg0", 7 0;
v0x5be4fff05c00_0 .var/s "reg1", 7 0;
v0x5be4fff05ce0_0 .var/s "reg2", 7 0;
v0x5be4fff05dc0_0 .var/s "reg3", 7 0;
v0x5be4fff05ea0_0 .var/s "reg4", 7 0;
v0x5be4fff05f80_0 .var/s "reg5", 7 0;
v0x5be4fff06060_0 .var/s "reg6", 7 0;
v0x5be4fff06140_0 .var/s "reg7", 7 0;
v0x5be4fff06220_0 .net/s "regi", 7 0, L_0x5be4ffe408b0;  alias, 1 drivers
L_0x5be4fff11d00 .functor MUXZ 8, o0x744d9a4b5a68, v0x5be4fff05b20_0, L_0x5be4ffedfef0, C4<>;
L_0x5be4fff11da0 .functor MUXZ 8, o0x744d9a4b5b88, v0x5be4fff05c00_0, L_0x5be4ffedfef0, C4<>;
L_0x5be4fff11e40 .functor MUXZ 8, o0x744d9a4b5bb8, v0x5be4fff05ce0_0, L_0x5be4ffedfef0, C4<>;
L_0x5be4fff11ee0 .functor MUXZ 8, o0x744d9a4b5a98, v0x5be4fff05dc0_0, L_0x5be4ffedfef0, C4<>;
L_0x5be4fff11f80 .functor MUXZ 8, o0x744d9a4b5ac8, v0x5be4fff05ea0_0, L_0x5be4ffedfef0, C4<>;
L_0x5be4fff12020 .functor MUXZ 8, o0x744d9a4b5af8, v0x5be4fff05f80_0, L_0x5be4ffedfef0, C4<>;
L_0x5be4fff12210 .functor MUXZ 8, o0x744d9a4b5b28, v0x5be4fff06060_0, L_0x5be4ffedfef0, C4<>;
L_0x5be4fff122b0 .functor MUXZ 8, o0x744d9a4b5b58, v0x5be4fff06140_0, L_0x5be4ffedfef0, C4<>;
S_0x5be4fff064b0 .scope module, "r_b" "register_bank" 4 52, 9 3 0, S_0x5be4ffedeb10;
 .timescale -9 -12;
    .port_info 0 /INPUT 1 "clk";
    .port_info 1 /INPUT 8 "reg_in";
    .port_info 2 /INPUT 1 "write_reg";
    .port_info 3 /INPUT 4 "k";
    .port_info 4 /INPUT 4 "i";
    .port_info 5 /INPUT 4 "j";
    .port_info 6 /OUTPUT 8 "left_out";
    .port_info 7 /OUTPUT 8 "right_out";
L_0x5be4ffee75d0 .functor BUFZ 8, L_0x5be4fff11000, C4<00000000>, C4<00000000>, C4<00000000>;
L_0x5be4ffe408b0 .functor BUFZ 8, L_0x5be4fff11270, C4<00000000>, C4<00000000>, C4<00000000>;
v0x5be4fff067b0_0 .net *"_ivl_0", 7 0, L_0x5be4fff11000;  1 drivers
v0x5be4fff068b0_0 .net *"_ivl_10", 5 0, L_0x5be4fff11310;  1 drivers
L_0x744d9a46c060 .functor BUFT 1, C4<00>, C4<0>, C4<0>, C4<0>;
v0x5be4fff06990_0 .net *"_ivl_13", 1 0, L_0x744d9a46c060;  1 drivers
v0x5be4fff06a50_0 .net *"_ivl_2", 5 0, L_0x5be4fff110a0;  1 drivers
L_0x744d9a46c018 .functor BUFT 1, C4<00>, C4<0>, C4<0>, C4<0>;
v0x5be4fff06b30_0 .net *"_ivl_5", 1 0, L_0x744d9a46c018;  1 drivers
v0x5be4fff06c60_0 .net *"_ivl_8", 7 0, L_0x5be4fff11270;  1 drivers
v0x5be4fff06d40_0 .net "clk", 0 0, v0x5be4fff103b0_0;  alias, 1 drivers
v0x5be4fff06e30_0 .net "i", 3 0, L_0x5be4fff11690;  1 drivers
v0x5be4fff06f10_0 .net "j", 3 0, L_0x5be4fff117d0;  1 drivers
v0x5be4fff06ff0_0 .net "k", 3 0, L_0x5be4fff114e0;  1 drivers
v0x5be4fff070d0_0 .net/s "left_out", 7 0, L_0x5be4ffee75d0;  alias, 1 drivers
v0x5be4fff07190 .array/s "mem", 0 15, 7 0;
v0x5be4fff07250_0 .net/s "reg_in", 7 0, v0x5be4fff04390_0;  alias, 1 drivers
v0x5be4fff07310_0 .net/s "right_out", 7 0, L_0x5be4ffe408b0;  alias, 1 drivers
v0x5be4fff07400_0 .net "write_reg", 0 0, L_0x5be4ffea79b0;  alias, 1 drivers
L_0x5be4fff11000 .array/port v0x5be4fff07190, L_0x5be4fff110a0;
L_0x5be4fff110a0 .concat [ 4 2 0 0], L_0x5be4fff11690, L_0x744d9a46c018;
L_0x5be4fff11270 .array/port v0x5be4fff07190, L_0x5be4fff11310;
L_0x5be4fff11310 .concat [ 4 2 0 0], L_0x5be4fff117d0, L_0x744d9a46c060;
S_0x5be4fff09060 .scope function.vec4.s16, "add" "add" 3 69, 3 69 0, S_0x5be4ffedf8a0;
 .timescale -9 -12;
; Variable add is vec4 return value of scope S_0x5be4fff09060
v0x5be4fff09340_0 .var "x", 3 0;
v0x5be4fff09420_0 .var "y", 3 0;
v0x5be4fff09510_0 .var "z", 3 0;
TD_tb_processor.add ;
    %pushi/vec4 4, 0, 4;
    %load/vec4 v0x5be4fff09340_0;
    %concat/vec4; draw_concat_vec4
    %load/vec4 v0x5be4fff09420_0;
    %concat/vec4; draw_concat_vec4
    %load/vec4 v0x5be4fff09510_0;
    %concat/vec4; draw_concat_vec4
    %ret/vec4 0, 0, 16;  Assign to add (store_vec4_to_lval)
    %end;
S_0x5be4fff095f0 .scope function.vec4.s16, "assign_value" "assign_value" 3 45, 3 45 0, S_0x5be4ffedf8a0;
 .timescale -9 -12;
; Variable assign_value is vec4 return value of scope S_0x5be4fff095f0
v0x5be4fff098e0_0 .var "x", 3 0;
v0x5be4fff099c0_0 .var "y", 7 0;
TD_tb_processor.assign_value ;
    %pushi/vec4 0, 0, 4;
    %load/vec4 v0x5be4fff099c0_0;
    %concat/vec4; draw_concat_vec4
    %load/vec4 v0x5be4fff098e0_0;
    %concat/vec4; draw_concat_vec4
    %ret/vec4 0, 0, 16;  Assign to assign_value (store_vec4_to_lval)
    %end;
S_0x5be4fff09ab0 .scope function.vec4.s16, "data_input" "data_input" 3 51, 3 51 0, S_0x5be4ffedf8a0;
 .timescale -9 -12;
; Variable data_input is vec4 return value of scope S_0x5be4fff09ab0
v0x5be4fff09d90_0 .var "x", 3 0;
v0x5be4fff09e70_0 .var "y", 3 0;
TD_tb_processor.data_input ;
    %pushi/vec4 2, 0, 4;
    %concati/vec4 0, 0, 4;
    %load/vec4 v0x5be4fff09d90_0;
    %concat/vec4; draw_concat_vec4
    %load/vec4 v0x5be4fff09e70_0;
    %concat/vec4; draw_concat_vec4
    %ret/vec4 0, 0, 16;  Assign to data_input (store_vec4_to_lval)
    %end;
S_0x5be4fff09f60 .scope function.vec4.s16, "data_output" "data_output" 3 57, 3 57 0, S_0x5be4ffedf8a0;
 .timescale -9 -12;
; Variable data_output is vec4 return value of scope S_0x5be4fff09f60
v0x5be4fff0a290_0 .var "x", 3 0;
v0x5be4fff0a370_0 .var "y", 3 0;
TD_tb_processor.data_output ;
    %pushi/vec4 10, 0, 4;
    %load/vec4 v0x5be4fff0a290_0;
    %concat/vec4; draw_concat_vec4
    %load/vec4 v0x5be4fff0a370_0;
    %concat/vec4; draw_concat_vec4
    %concati/vec4 0, 0, 4;
    %ret/vec4 0, 0, 16;  Assign to data_output (store_vec4_to_lval)
    %end;
S_0x5be4fff0a430 .scope function.vec4.s16, "jump" "jump" 3 82, 3 82 0, S_0x5be4ffedf8a0;
 .timescale -9 -12;
; Variable jump is vec4 return value of scope S_0x5be4fff0a430
v0x5be4fff0a710_0 .var "x", 7 0;
TD_tb_processor.jump ;
    %pushi/vec4 14, 0, 4;
    %concati/vec4 0, 0, 4;
    %load/vec4 v0x5be4fff0a710_0;
    %concat/vec4; draw_concat_vec4
    %ret/vec4 0, 0, 16;  Assign to jump (store_vec4_to_lval)
    %end;
S_0x5be4fff0a7f0 .scope function.vec4.s16, "jump_neg" "jump_neg" 3 95, 3 95 0, S_0x5be4ffedf8a0;
 .timescale -9 -12;
; Variable jump_neg is vec4 return value of scope S_0x5be4fff0a7f0
v0x5be4fff0aad0_0 .var "x", 7 0;
v0x5be4fff0abb0_0 .var "y", 3 0;
TD_tb_processor.jump_neg ;
    %pushi/vec4 13, 0, 4;
    %load/vec4 v0x5be4fff0abb0_0;
    %concat/vec4; draw_concat_vec4
    %load/vec4 v0x5be4fff0aad0_0;
    %concat/vec4; draw_concat_vec4
    %ret/vec4 0, 0, 16;  Assign to jump_neg (store_vec4_to_lval)
    %end;
S_0x5be4fff0aca0 .scope function.vec4.s16, "jump_pos" "jump_pos" 3 89, 3 89 0, S_0x5be4ffedf8a0;
 .timescale -9 -12;
; Variable jump_pos is vec4 return value of scope S_0x5be4fff0aca0
v0x5be4fff0af80_0 .var "x", 7 0;
v0x5be4fff0b060_0 .var "y", 3 0;
TD_tb_processor.jump_pos ;
    %pushi/vec4 12, 0, 4;
    %load/vec4 v0x5be4fff0b060_0;
    %concat/vec4; draw_concat_vec4
    %load/vec4 v0x5be4fff0af80_0;
    %concat/vec4; draw_concat_vec4
    %ret/vec4 0, 0, 16;  Assign to jump_pos (store_vec4_to_lval)
    %end;
S_0x5be4fff0b150 .scope function.vec4.s16, "output_value" "output_value" 3 63, 3 63 0, S_0x5be4ffedf8a0;
 .timescale -9 -12;
; Variable output_value is vec4 return value of scope S_0x5be4fff0b150
v0x5be4fff0b430_0 .var "x", 3 0;
v0x5be4fff0b510_0 .var "y", 7 0;
TD_tb_processor.output_value ;
    %pushi/vec4 8, 0, 4;
    %load/vec4 v0x5be4fff0b430_0;
    %concat/vec4; draw_concat_vec4
    %load/vec4 v0x5be4fff0b510_0;
    %concat/vec4; draw_concat_vec4
    %concati/vec4 0, 0, 4;
    %pad/u 16;
    %ret/vec4 0, 0, 16;  Assign to output_value (store_vec4_to_lval)
    %end;
S_0x5be4fff0b600 .scope task, "reset" "reset" 3 408, 3 408 0, S_0x5be4ffedf8a0;
 .timescale -9 -12;
v0x5be4fff0b790_0 .var "pc_before", 7 0;
TD_tb_processor.reset ;
    %load/vec4 v0x5be4fff107a0_0;
    %store/vec4 v0x5be4fff0b790_0, 0, 8;
    %pushi/vec4 1, 0, 1;
    %store/vec4 v0x5be4fff10860_0, 0, 1;
    %wait E_0x5be4ffdff390;
    %delay 1000, 0;
    %load/vec4 v0x5be4fff107a0_0;
    %cmpi/e 0, 0, 8;
    %jmp/0xz  T_8.0, 6;
    %vpi_call/w 3 417 "$display", "\033[32m[PASS]\033[0m reset: PC before=%0d, PC after reset=%0d OK", v0x5be4fff0b790_0, v0x5be4fff107a0_0 {0 0 0};
    %jmp T_8.1;
T_8.0 ;
    %vpi_call/w 3 420 "$error", "\033[31m[FAIL]\033[0m reset: PC before=%0d, expected PC after reset=0, got PC=%0d", v0x5be4fff0b790_0, v0x5be4fff107a0_0 {0 0 0};
T_8.1 ;
    %pushi/vec4 0, 0, 1;
    %store/vec4 v0x5be4fff10860_0, 0, 1;
    %delay 8000, 0;
    %end;
S_0x5be4fff0b890 .scope task, "run_simple" "run_simple" 3 460, 3 460 0, S_0x5be4ffedf8a0;
 .timescale -9 -12;
TD_tb_processor.run_simple ;
    %pushi/vec4 0, 0, 32;
    %store/vec4 v0x5be4fff10560_0, 0, 32;
T_9.2 ;
    %load/vec4 v0x5be4fff10560_0;
    %cmpi/s 10, 0, 32;
    %jmp/0xz T_9.3, 5;
    %load/vec4 v0x5be4fff107a0_0;
    %pad/u 10;
    %ix/vec4 4;
    %load/vec4a v0x5be4fff10700, 4;
    %store/vec4 v0x5be4fff10640_0, 0, 16;
    %wait E_0x5be4ffdff390;
    %delay 1000, 0;
    %delay 8000, 0;
    %load/vec4 v0x5be4fff10560_0;
    %addi 1, 0, 32;
    %store/vec4 v0x5be4fff10560_0, 0, 32;
    %jmp T_9.2;
T_9.3 ;
    %end;
S_0x5be4fff0ba70 .scope task, "simple" "simple" 3 442, 3 442 0, S_0x5be4ffedf8a0;
 .timescale -9 -12;
TD_tb_processor.simple ;
    %pushi/vec4 3, 0, 4;
    %pushi/vec4 45, 0, 8;
    %store/vec4 v0x5be4fff099c0_0, 0, 8;
    %store/vec4 v0x5be4fff098e0_0, 0, 4;
    %callf/vec4 TD_tb_processor.assign_value, S_0x5be4fff095f0;
    %ix/load 4, 0, 0;
    %flag_set/imm 4, 0;
    %store/vec4a v0x5be4fff10700, 4, 0;
    %pushi/vec4 4, 0, 4;
    %pushi/vec4 20, 0, 8;
    %store/vec4 v0x5be4fff099c0_0, 0, 8;
    %store/vec4 v0x5be4fff098e0_0, 0, 4;
    %callf/vec4 TD_tb_processor.assign_value, S_0x5be4fff095f0;
    %ix/load 4, 1, 0;
    %flag_set/imm 4, 0;
    %store/vec4a v0x5be4fff10700, 4, 0;
    %pushi/vec4 3, 0, 4;
    %pushi/vec4 4, 0, 4;
    %pushi/vec4 1, 0, 4;
    %store/vec4 v0x5be4fff09510_0, 0, 4;
    %store/vec4 v0x5be4fff09420_0, 0, 4;
    %store/vec4 v0x5be4fff09340_0, 0, 4;
    %callf/vec4 TD_tb_processor.add, S_0x5be4fff09060;
    %ix/load 4, 2, 0;
    %flag_set/imm 4, 0;
    %store/vec4a v0x5be4fff10700, 4, 0;
    %pushi/vec4 3, 0, 4;
    %pushi/vec4 4, 0, 4;
    %pushi/vec4 2, 0, 4;
    %store/vec4 v0x5be4fff0c100_0, 0, 4;
    %store/vec4 v0x5be4fff0c010_0, 0, 4;
    %store/vec4 v0x5be4fff0bf30_0, 0, 4;
    %callf/vec4 TD_tb_processor.sub, S_0x5be4fff0bc50;
    %ix/load 4, 3, 0;
    %flag_set/imm 4, 0;
    %store/vec4a v0x5be4fff10700, 4, 0;
    %pushi/vec4 1, 0, 4;
    %pushi/vec4 1, 0, 4;
    %store/vec4 v0x5be4fff0a370_0, 0, 4;
    %store/vec4 v0x5be4fff0a290_0, 0, 4;
    %callf/vec4 TD_tb_processor.data_output, S_0x5be4fff09f60;
    %ix/load 4, 4, 0;
    %flag_set/imm 4, 0;
    %store/vec4a v0x5be4fff10700, 4, 0;
    %pushi/vec4 2, 0, 4;
    %pushi/vec4 2, 0, 4;
    %store/vec4 v0x5be4fff0a370_0, 0, 4;
    %store/vec4 v0x5be4fff0a290_0, 0, 4;
    %callf/vec4 TD_tb_processor.data_output, S_0x5be4fff09f60;
    %ix/load 4, 5, 0;
    %flag_set/imm 4, 0;
    %store/vec4a v0x5be4fff10700, 4, 0;
    %pushi/vec4 54, 0, 8;
    %store/vec4 v0x5be4fff0f850_0, 0, 8;
    %pushi/vec4 31, 0, 8;
    %store/vec4 v0x5be4fff0f960_0, 0, 8;
    %pushi/vec4 5, 0, 4;
    %pushi/vec4 0, 0, 4;
    %store/vec4 v0x5be4fff09e70_0, 0, 4;
    %store/vec4 v0x5be4fff09d90_0, 0, 4;
    %callf/vec4 TD_tb_processor.data_input, S_0x5be4fff09ab0;
    %ix/load 4, 6, 0;
    %flag_set/imm 4, 0;
    %store/vec4a v0x5be4fff10700, 4, 0;
    %pushi/vec4 6, 0, 4;
    %pushi/vec4 5, 0, 4;
    %store/vec4 v0x5be4fff09e70_0, 0, 4;
    %store/vec4 v0x5be4fff09d90_0, 0, 4;
    %callf/vec4 TD_tb_processor.data_input, S_0x5be4fff09ab0;
    %ix/load 4, 7, 0;
    %flag_set/imm 4, 0;
    %store/vec4a v0x5be4fff10700, 4, 0;
    %pushi/vec4 1, 0, 4;
    %pushi/vec4 0, 0, 4;
    %store/vec4 v0x5be4fff0a370_0, 0, 4;
    %store/vec4 v0x5be4fff0a290_0, 0, 4;
    %callf/vec4 TD_tb_processor.data_output, S_0x5be4fff09f60;
    %ix/load 4, 8, 0;
    %flag_set/imm 4, 0;
    %store/vec4a v0x5be4fff10700, 4, 0;
    %pushi/vec4 2, 0, 4;
    %pushi/vec4 5, 0, 4;
    %store/vec4 v0x5be4fff0a370_0, 0, 4;
    %store/vec4 v0x5be4fff0a290_0, 0, 4;
    %callf/vec4 TD_tb_processor.data_output, S_0x5be4fff09f60;
    %ix/load 4, 9, 0;
    %flag_set/imm 4, 0;
    %store/vec4a v0x5be4fff10700, 4, 0;
    %end;
S_0x5be4fff0bc50 .scope function.vec4.s16, "sub" "sub" 3 76, 3 76 0, S_0x5be4ffedf8a0;
 .timescale -9 -12;
; Variable sub is vec4 return value of scope S_0x5be4fff0bc50
v0x5be4fff0bf30_0 .var "x", 3 0;
v0x5be4fff0c010_0 .var "y", 3 0;
v0x5be4fff0c100_0 .var "z", 3 0;
TD_tb_processor.sub ;
    %pushi/vec4 5, 0, 4;
    %load/vec4 v0x5be4fff0bf30_0;
    %concat/vec4; draw_concat_vec4
    %load/vec4 v0x5be4fff0c010_0;
    %concat/vec4; draw_concat_vec4
    %load/vec4 v0x5be4fff0c100_0;
    %concat/vec4; draw_concat_vec4
    %ret/vec4 0, 0, 16;  Assign to sub (store_vec4_to_lval)
    %end;
S_0x5be4fff0c1e0 .scope task, "test_add" "test_add" 3 244, 3 244 0, S_0x5be4ffedf8a0;
 .timescale -9 -12;
v0x5be4fff0c3c0_0 .var/s "expected", 7 0;
v0x5be4fff0c4c0_0 .var "i", 3 0;
v0x5be4fff0c5a0_0 .var "j", 3 0;
v0x5be4fff0c690_0 .var "k", 3 0;
v0x5be4fff0c770_0 .var/s "val_i", 7 0;
v0x5be4fff0c8a0_0 .var/s "val_j", 7 0;
TD_tb_processor.test_add ;
    %load/vec4 v0x5be4fff0c4c0_0;
    %pad/u 6;
    %ix/vec4 4;
    %load/vec4a v0x5be4fff07190, 4;
    %store/vec4 v0x5be4fff0c770_0, 0, 8;
    %load/vec4 v0x5be4fff0c5a0_0;
    %pad/u 6;
    %ix/vec4 4;
    %load/vec4a v0x5be4fff07190, 4;
    %store/vec4 v0x5be4fff0c8a0_0, 0, 8;
    %load/vec4 v0x5be4fff0c770_0;
    %load/vec4 v0x5be4fff0c8a0_0;
    %add;
    %store/vec4 v0x5be4fff0c3c0_0, 0, 8;
    %load/vec4 v0x5be4fff0c4c0_0;
    %load/vec4 v0x5be4fff0c5a0_0;
    %load/vec4 v0x5be4fff0c690_0;
    %store/vec4 v0x5be4fff09510_0, 0, 4;
    %store/vec4 v0x5be4fff09420_0, 0, 4;
    %store/vec4 v0x5be4fff09340_0, 0, 4;
    %callf/vec4 TD_tb_processor.add, S_0x5be4fff09060;
    %store/vec4 v0x5be4fff10640_0, 0, 16;
    %wait E_0x5be4ffdff390;
    %delay 1000, 0;
    %load/vec4 v0x5be4fff0c690_0;
    %pad/u 6;
    %ix/vec4 4;
    %load/vec4a v0x5be4fff07190, 4;
    %load/vec4 v0x5be4fff0c3c0_0;
    %cmp/e;
    %jmp/0xz  T_12.4, 6;
    %load/vec4 v0x5be4fff0c690_0;
    %pad/u 6;
    %ix/vec4 4;
    %load/vec4a v0x5be4fff07190, 4;
    %vpi_call/w 3 257 "$display", "\033[32m[PASS]\033[0m add: X(%0d) = X(%0d) + X(%0d) --> %0d = %0d + %0d OK", v0x5be4fff0c690_0, v0x5be4fff0c4c0_0, v0x5be4fff0c5a0_0, S<0,vec4,s8>, v0x5be4fff0c770_0, v0x5be4fff0c8a0_0 {1 0 0};
    %jmp T_12.5;
T_12.4 ;
    %load/vec4 v0x5be4fff0c690_0;
    %pad/u 6;
    %ix/vec4 4;
    %load/vec4a v0x5be4fff07190, 4;
    %vpi_call/w 3 260 "$error", "\033[31m[FAIL]\033[0m add: X(%0d) = X(%0d) + X(%0d) --> expected %0d = %0d + %0d, got %0d", v0x5be4fff0c690_0, v0x5be4fff0c4c0_0, v0x5be4fff0c5a0_0, v0x5be4fff0c3c0_0, v0x5be4fff0c770_0, v0x5be4fff0c8a0_0, S<0,vec4,s8> {1 0 0};
T_12.5 ;
    %end;
S_0x5be4fff0c980 .scope task, "test_assign_value" "test_assign_value" 3 104, 3 104 0, S_0x5be4ffedf8a0;
 .timescale -9 -12;
v0x5be4fff0cb60_0 .var/s "A", 7 0;
v0x5be4fff0cc60_0 .var "k", 3 0;
TD_tb_processor.test_assign_value ;
    %load/vec4 v0x5be4fff0cc60_0;
    %load/vec4 v0x5be4fff0cb60_0;
    %store/vec4 v0x5be4fff099c0_0, 0, 8;
    %store/vec4 v0x5be4fff098e0_0, 0, 4;
    %callf/vec4 TD_tb_processor.assign_value, S_0x5be4fff095f0;
    %store/vec4 v0x5be4fff10640_0, 0, 16;
    %wait E_0x5be4ffdff390;
    %delay 1000, 0;
    %load/vec4 v0x5be4fff0cc60_0;
    %pad/u 6;
    %ix/vec4 4;
    %load/vec4a v0x5be4fff07190, 4;
    %load/vec4 v0x5be4fff0cb60_0;
    %cmp/e;
    %jmp/0xz  T_13.6, 6;
    %load/vec4 v0x5be4fff0cc60_0;
    %pad/u 6;
    %ix/vec4 4;
    %load/vec4a v0x5be4fff07190, 4;
    %vpi_call/w 3 109 "$display", "\033[32m\033[32m[PASS]\033[0m\033[0m assign_value: X(%0d) = %0d OK, Given Const Value: %0d --> X(%0d)", v0x5be4fff0cc60_0, S<0,vec4,s8>, v0x5be4fff0cb60_0, v0x5be4fff0cc60_0 {1 0 0};
    %jmp T_13.7;
T_13.6 ;
    %load/vec4 v0x5be4fff0cc60_0;
    %pad/u 6;
    %ix/vec4 4;
    %load/vec4a v0x5be4fff07190, 4;
    %vpi_call/w 3 113 "$error", "\033[31m\033[31m[FAIL]\033[0m\033[0m assign_value: X(%0d) expected %0d, got %0d (Const Value: %0d)", v0x5be4fff0cc60_0, v0x5be4fff0cb60_0, S<0,vec4,s8>, v0x5be4fff0cb60_0 {1 0 0};
T_13.7 ;
    %end;
S_0x5be4fff0cd40 .scope task, "test_data_input" "test_data_input" 3 121, 3 121 0, S_0x5be4ffedf8a0;
 .timescale -9 -12;
v0x5be4fff0cf20_0 .var/s "data", 7 0;
v0x5be4fff0d020_0 .var "j", 3 0;
v0x5be4fff0d100_0 .var "k", 3 0;
TD_tb_processor.test_data_input ;
    %load/vec4 v0x5be4fff0d020_0;
    %dup/vec4;
    %pushi/vec4 0, 0, 4;
    %cmp/u;
    %jmp/1 T_14.8, 6;
    %dup/vec4;
    %pushi/vec4 1, 0, 4;
    %cmp/u;
    %jmp/1 T_14.9, 6;
    %dup/vec4;
    %pushi/vec4 2, 0, 4;
    %cmp/u;
    %jmp/1 T_14.10, 6;
    %dup/vec4;
    %pushi/vec4 3, 0, 4;
    %cmp/u;
    %jmp/1 T_14.11, 6;
    %dup/vec4;
    %pushi/vec4 4, 0, 4;
    %cmp/u;
    %jmp/1 T_14.12, 6;
    %dup/vec4;
    %pushi/vec4 5, 0, 4;
    %cmp/u;
    %jmp/1 T_14.13, 6;
    %dup/vec4;
    %pushi/vec4 6, 0, 4;
    %cmp/u;
    %jmp/1 T_14.14, 6;
    %dup/vec4;
    %pushi/vec4 7, 0, 4;
    %cmp/u;
    %jmp/1 T_14.15, 6;
    %jmp T_14.16;
T_14.8 ;
    %load/vec4 v0x5be4fff0cf20_0;
    %store/vec4 v0x5be4fff0f2b0_0, 0, 8;
    %jmp T_14.16;
T_14.9 ;
    %load/vec4 v0x5be4fff0cf20_0;
    %store/vec4 v0x5be4fff0f3e0_0, 0, 8;
    %jmp T_14.16;
T_14.10 ;
    %load/vec4 v0x5be4fff0cf20_0;
    %store/vec4 v0x5be4fff0f4f0_0, 0, 8;
    %jmp T_14.16;
T_14.11 ;
    %load/vec4 v0x5be4fff0cf20_0;
    %store/vec4 v0x5be4fff0f5e0_0, 0, 8;
    %jmp T_14.16;
T_14.12 ;
    %load/vec4 v0x5be4fff0cf20_0;
    %store/vec4 v0x5be4fff0f6f0_0, 0, 8;
    %jmp T_14.16;
T_14.13 ;
    %load/vec4 v0x5be4fff0cf20_0;
    %store/vec4 v0x5be4fff0f850_0, 0, 8;
    %jmp T_14.16;
T_14.14 ;
    %load/vec4 v0x5be4fff0cf20_0;
    %store/vec4 v0x5be4fff0f960_0, 0, 8;
    %jmp T_14.16;
T_14.15 ;
    %load/vec4 v0x5be4fff0cf20_0;
    %store/vec4 v0x5be4fff0fa70_0, 0, 8;
    %jmp T_14.16;
T_14.16 ;
    %pop/vec4 1;
    %load/vec4 v0x5be4fff0d020_0;
    %load/vec4 v0x5be4fff0d100_0;
    %store/vec4 v0x5be4fff09e70_0, 0, 4;
    %store/vec4 v0x5be4fff09d90_0, 0, 4;
    %callf/vec4 TD_tb_processor.data_input, S_0x5be4fff09ab0;
    %store/vec4 v0x5be4fff10640_0, 0, 16;
    %wait E_0x5be4ffdff390;
    %delay 1000, 0;
    %load/vec4 v0x5be4fff0d100_0;
    %pad/u 6;
    %ix/vec4 4;
    %load/vec4a v0x5be4fff07190, 4;
    %load/vec4 v0x5be4fff0cf20_0;
    %cmp/e;
    %jmp/0xz  T_14.17, 6;
    %load/vec4 v0x5be4fff0d100_0;
    %pad/u 6;
    %ix/vec4 4;
    %load/vec4a v0x5be4fff07190, 4;
    %vpi_call/w 3 130 "$display", "\033[32m[PASS]\033[0m data_input: X(%0d) = %0d OK, Given Data: %0d to IN[%0d] to store in X(%0d)", v0x5be4fff0d100_0, S<0,vec4,s8>, v0x5be4fff0cf20_0, v0x5be4fff0d020_0, v0x5be4fff0d100_0 {1 0 0};
    %jmp T_14.18;
T_14.17 ;
    %load/vec4 v0x5be4fff0d100_0;
    %pad/u 6;
    %ix/vec4 4;
    %load/vec4a v0x5be4fff07190, 4;
    %vpi_call/w 3 132 "$error", "\033[31m[FAIL]\033[0m data_input: X(%0d) expected %0d, got %0d", v0x5be4fff0d100_0, v0x5be4fff0cf20_0, S<0,vec4,s8> {1 0 0};
T_14.18 ;
    %end;
S_0x5be4fff0d1c0 .scope task, "test_data_output" "test_data_output" 3 138, 3 138 0, S_0x5be4ffedf8a0;
 .timescale -9 -12;
v0x5be4fff0d4b0_0 .var "i", 3 0;
v0x5be4fff0d5b0_0 .var "j", 3 0;
TD_tb_processor.test_data_output ;
    %load/vec4 v0x5be4fff0d4b0_0;
    %load/vec4 v0x5be4fff0d5b0_0;
    %store/vec4 v0x5be4fff0a370_0, 0, 4;
    %store/vec4 v0x5be4fff0a290_0, 0, 4;
    %callf/vec4 TD_tb_processor.data_output, S_0x5be4fff09f60;
    %store/vec4 v0x5be4fff10640_0, 0, 16;
    %wait E_0x5be4ffdff390;
    %delay 1000, 0;
    %load/vec4 v0x5be4fff0d4b0_0;
    %dup/vec4;
    %pushi/vec4 0, 0, 4;
    %cmp/u;
    %jmp/1 T_15.19, 6;
    %dup/vec4;
    %pushi/vec4 1, 0, 4;
    %cmp/u;
    %jmp/1 T_15.20, 6;
    %dup/vec4;
    %pushi/vec4 2, 0, 4;
    %cmp/u;
    %jmp/1 T_15.21, 6;
    %dup/vec4;
    %pushi/vec4 3, 0, 4;
    %cmp/u;
    %jmp/1 T_15.22, 6;
    %dup/vec4;
    %pushi/vec4 4, 0, 4;
    %cmp/u;
    %jmp/1 T_15.23, 6;
    %dup/vec4;
    %pushi/vec4 5, 0, 4;
    %cmp/u;
    %jmp/1 T_15.24, 6;
    %dup/vec4;
    %pushi/vec4 6, 0, 4;
    %cmp/u;
    %jmp/1 T_15.25, 6;
    %dup/vec4;
    %pushi/vec4 7, 0, 4;
    %cmp/u;
    %jmp/1 T_15.26, 6;
    %vpi_call/w 3 191 "$error", "\033[31m[FAIL]\033[0m data_output: Invalid OUT index i=%0d", v0x5be4fff0d4b0_0 {0 0 0};
    %jmp T_15.28;
T_15.19 ;
    %load/vec4 v0x5be4fff0fb80_0;
    %load/vec4 v0x5be4fff0d5b0_0;
    %pad/u 6;
    %ix/vec4 4;
    %load/vec4a v0x5be4fff07190, 4;
    %cmp/e;
    %jmp/0xz  T_15.29, 6;
    %load/vec4 v0x5be4fff0d5b0_0;
    %pad/u 6;
    %ix/vec4 4;
    %load/vec4a v0x5be4fff07190, 4;
    %vpi_call/w 3 144 "$display", "\033[32m[PASS]\033[0m data_output: OUT0 OK (i=%0d, j=%0d), Expected %0d, Got %0d", v0x5be4fff0d4b0_0, v0x5be4fff0d5b0_0, S<0,vec4,s8>, v0x5be4fff0fb80_0 {1 0 0};
    %jmp T_15.30;
T_15.29 ;
    %load/vec4 v0x5be4fff0d5b0_0;
    %pad/u 6;
    %ix/vec4 4;
    %load/vec4a v0x5be4fff07190, 4;
    %vpi_call/w 3 147 "$error", "\033[31m[FAIL]\033[0m data_output: OUT0 mismatch (i=%0d, j=%0d), Expected %0d, Got %0d", v0x5be4fff0d4b0_0, v0x5be4fff0d5b0_0, S<0,vec4,s8>, v0x5be4fff0fb80_0 {1 0 0};
T_15.30 ;
    %jmp T_15.28;
T_15.20 ;
    %load/vec4 v0x5be4fff0fc40_0;
    %load/vec4 v0x5be4fff0d5b0_0;
    %pad/u 6;
    %ix/vec4 4;
    %load/vec4a v0x5be4fff07190, 4;
    %cmp/e;
    %jmp/0xz  T_15.31, 6;
    %load/vec4 v0x5be4fff0d5b0_0;
    %pad/u 6;
    %ix/vec4 4;
    %load/vec4a v0x5be4fff07190, 4;
    %vpi_call/w 3 150 "$display", "\033[32m[PASS]\033[0m data_output: OUT1 OK (i=%0d, j=%0d), Expected %0d, Got %0d", v0x5be4fff0d4b0_0, v0x5be4fff0d5b0_0, S<0,vec4,s8>, v0x5be4fff0fc40_0 {1 0 0};
    %jmp T_15.32;
T_15.31 ;
    %load/vec4 v0x5be4fff0d5b0_0;
    %pad/u 6;
    %ix/vec4 4;
    %load/vec4a v0x5be4fff07190, 4;
    %vpi_call/w 3 153 "$error", "\033[31m[FAIL]\033[0m data_output: OUT1 mismatch (i=%0d, j=%0d), Expected %0d, Got %0d", v0x5be4fff0d4b0_0, v0x5be4fff0d5b0_0, S<0,vec4,s8>, v0x5be4fff0fc40_0 {1 0 0};
T_15.32 ;
    %jmp T_15.28;
T_15.21 ;
    %load/vec4 v0x5be4fff0fd50_0;
    %load/vec4 v0x5be4fff0d5b0_0;
    %pad/u 6;
    %ix/vec4 4;
    %load/vec4a v0x5be4fff07190, 4;
    %cmp/e;
    %jmp/0xz  T_15.33, 6;
    %load/vec4 v0x5be4fff0d5b0_0;
    %pad/u 6;
    %ix/vec4 4;
    %load/vec4a v0x5be4fff07190, 4;
    %vpi_call/w 3 156 "$display", "\033[32m[PASS]\033[0m data_output: OUT2 OK (i=%0d, j=%0d), Expected %0d, Got %0d", v0x5be4fff0d4b0_0, v0x5be4fff0d5b0_0, S<0,vec4,s8>, v0x5be4fff0fd50_0 {1 0 0};
    %jmp T_15.34;
T_15.33 ;
    %load/vec4 v0x5be4fff0d5b0_0;
    %pad/u 6;
    %ix/vec4 4;
    %load/vec4a v0x5be4fff07190, 4;
    %vpi_call/w 3 159 "$error", "\033[31m[FAIL]\033[0m data_output: OUT2 mismatch (i=%0d, j=%0d), Expected %0d, Got %0d", v0x5be4fff0d4b0_0, v0x5be4fff0d5b0_0, S<0,vec4,s8>, v0x5be4fff0fd50_0 {1 0 0};
T_15.34 ;
    %jmp T_15.28;
T_15.22 ;
    %load/vec4 v0x5be4fff0fe60_0;
    %load/vec4 v0x5be4fff0d5b0_0;
    %pad/u 6;
    %ix/vec4 4;
    %load/vec4a v0x5be4fff07190, 4;
    %cmp/e;
    %jmp/0xz  T_15.35, 6;
    %load/vec4 v0x5be4fff0d5b0_0;
    %pad/u 6;
    %ix/vec4 4;
    %load/vec4a v0x5be4fff07190, 4;
    %vpi_call/w 3 162 "$display", "\033[32m[PASS]\033[0m data_output: OUT3 OK (i=%0d, j=%0d), Expected %0d, Got %0d", v0x5be4fff0d4b0_0, v0x5be4fff0d5b0_0, S<0,vec4,s8>, v0x5be4fff0fe60_0 {1 0 0};
    %jmp T_15.36;
T_15.35 ;
    %load/vec4 v0x5be4fff0d5b0_0;
    %pad/u 6;
    %ix/vec4 4;
    %load/vec4a v0x5be4fff07190, 4;
    %vpi_call/w 3 165 "$error", "\033[31m[FAIL]\033[0m data_output: OUT3 mismatch (i=%0d, j=%0d), Expected %0d, Got %0d", v0x5be4fff0d4b0_0, v0x5be4fff0d5b0_0, S<0,vec4,s8>, v0x5be4fff0fe60_0 {1 0 0};
T_15.36 ;
    %jmp T_15.28;
T_15.23 ;
    %load/vec4 v0x5be4fff0ff70_0;
    %load/vec4 v0x5be4fff0d5b0_0;
    %pad/u 6;
    %ix/vec4 4;
    %load/vec4a v0x5be4fff07190, 4;
    %cmp/e;
    %jmp/0xz  T_15.37, 6;
    %load/vec4 v0x5be4fff0d5b0_0;
    %pad/u 6;
    %ix/vec4 4;
    %load/vec4a v0x5be4fff07190, 4;
    %vpi_call/w 3 168 "$display", "\033[32m[PASS]\033[0m data_output: OUT4 OK (i=%0d, j=%0d), Expected %0d, Got %0d", v0x5be4fff0d4b0_0, v0x5be4fff0d5b0_0, S<0,vec4,s8>, v0x5be4fff0ff70_0 {1 0 0};
    %jmp T_15.38;
T_15.37 ;
    %load/vec4 v0x5be4fff0d5b0_0;
    %pad/u 6;
    %ix/vec4 4;
    %load/vec4a v0x5be4fff07190, 4;
    %vpi_call/w 3 171 "$error", "\033[31m[FAIL]\033[0m data_output: OUT4 mismatch (i=%0d, j=%0d), Expected %0d, Got %0d", v0x5be4fff0d4b0_0, v0x5be4fff0d5b0_0, S<0,vec4,s8>, v0x5be4fff0ff70_0 {1 0 0};
T_15.38 ;
    %jmp T_15.28;
T_15.24 ;
    %load/vec4 v0x5be4fff10080_0;
    %load/vec4 v0x5be4fff0d5b0_0;
    %pad/u 6;
    %ix/vec4 4;
    %load/vec4a v0x5be4fff07190, 4;
    %cmp/e;
    %jmp/0xz  T_15.39, 6;
    %load/vec4 v0x5be4fff0d5b0_0;
    %pad/u 6;
    %ix/vec4 4;
    %load/vec4a v0x5be4fff07190, 4;
    %vpi_call/w 3 174 "$display", "\033[32m[PASS]\033[0m data_output: OUT5 OK (i=%0d, j=%0d), Expected %0d, Got %0d", v0x5be4fff0d4b0_0, v0x5be4fff0d5b0_0, S<0,vec4,s8>, v0x5be4fff10080_0 {1 0 0};
    %jmp T_15.40;
T_15.39 ;
    %load/vec4 v0x5be4fff0d5b0_0;
    %pad/u 6;
    %ix/vec4 4;
    %load/vec4a v0x5be4fff07190, 4;
    %vpi_call/w 3 177 "$error", "\033[31m[FAIL]\033[0m data_output: OUT5 mismatch (i=%0d, j=%0d), Expected %0d, Got %0d", v0x5be4fff0d4b0_0, v0x5be4fff0d5b0_0, S<0,vec4,s8>, v0x5be4fff10080_0 {1 0 0};
T_15.40 ;
    %jmp T_15.28;
T_15.25 ;
    %load/vec4 v0x5be4fff10190_0;
    %load/vec4 v0x5be4fff0d5b0_0;
    %pad/u 6;
    %ix/vec4 4;
    %load/vec4a v0x5be4fff07190, 4;
    %cmp/e;
    %jmp/0xz  T_15.41, 6;
    %load/vec4 v0x5be4fff0d5b0_0;
    %pad/u 6;
    %ix/vec4 4;
    %load/vec4a v0x5be4fff07190, 4;
    %vpi_call/w 3 180 "$display", "\033[32m[PASS]\033[0m data_output: OUT6 OK (i=%0d, j=%0d), Expected %0d, Got %0d", v0x5be4fff0d4b0_0, v0x5be4fff0d5b0_0, S<0,vec4,s8>, v0x5be4fff10190_0 {1 0 0};
    %jmp T_15.42;
T_15.41 ;
    %load/vec4 v0x5be4fff0d5b0_0;
    %pad/u 6;
    %ix/vec4 4;
    %load/vec4a v0x5be4fff07190, 4;
    %vpi_call/w 3 183 "$error", "\033[31m[FAIL]\033[0m data_output: OUT6 mismatch (i=%0d, j=%0d), Expected %0d, Got %0d", v0x5be4fff0d4b0_0, v0x5be4fff0d5b0_0, S<0,vec4,s8>, v0x5be4fff10190_0 {1 0 0};
T_15.42 ;
    %jmp T_15.28;
T_15.26 ;
    %load/vec4 v0x5be4fff102a0_0;
    %load/vec4 v0x5be4fff0d5b0_0;
    %pad/u 6;
    %ix/vec4 4;
    %load/vec4a v0x5be4fff07190, 4;
    %cmp/e;
    %jmp/0xz  T_15.43, 6;
    %load/vec4 v0x5be4fff0d5b0_0;
    %pad/u 6;
    %ix/vec4 4;
    %load/vec4a v0x5be4fff07190, 4;
    %vpi_call/w 3 186 "$display", "\033[32m[PASS]\033[0m data_output: OUT7 OK (i=%0d, j=%0d), Expected %0d, Got %0d", v0x5be4fff0d4b0_0, v0x5be4fff0d5b0_0, S<0,vec4,s8>, v0x5be4fff102a0_0 {1 0 0};
    %jmp T_15.44;
T_15.43 ;
    %load/vec4 v0x5be4fff0d5b0_0;
    %pad/u 6;
    %ix/vec4 4;
    %load/vec4a v0x5be4fff07190, 4;
    %vpi_call/w 3 189 "$error", "\033[31m[FAIL]\033[0m data_output: OUT7 mismatch (i=%0d, j=%0d), Expected %0d, Got %0d", v0x5be4fff0d4b0_0, v0x5be4fff0d5b0_0, S<0,vec4,s8>, v0x5be4fff102a0_0 {1 0 0};
T_15.44 ;
    %jmp T_15.28;
T_15.28 ;
    %pop/vec4 1;
    %end;
S_0x5be4fff0d690 .scope task, "test_jump" "test_jump" 3 290, 3 290 0, S_0x5be4ffedf8a0;
 .timescale -9 -12;
v0x5be4fff0d870_0 .var "addr", 7 0;
v0x5be4fff0d970_0 .var "pc_before", 7 0;
TD_tb_processor.test_jump ;
    %load/vec4 v0x5be4fff107a0_0;
    %store/vec4 v0x5be4fff0d970_0, 0, 8;
    %load/vec4 v0x5be4fff0d870_0;
    %store/vec4 v0x5be4fff0a710_0, 0, 8;
    %callf/vec4 TD_tb_processor.jump, S_0x5be4fff0a430;
    %store/vec4 v0x5be4fff10640_0, 0, 16;
    %wait E_0x5be4ffdff390;
    %delay 1000, 0;
    %load/vec4 v0x5be4fff107a0_0;
    %load/vec4 v0x5be4fff0d870_0;
    %cmp/e;
    %jmp/0xz  T_16.45, 6;
    %vpi_call/w 3 298 "$display", "\033[32m[PASS]\033[0m jump: PC before=%0d, jump_arg=%0d --> jumped to PC=%0d OK", v0x5be4fff0d970_0, v0x5be4fff0d870_0, v0x5be4fff107a0_0 {0 0 0};
    %jmp T_16.46;
T_16.45 ;
    %vpi_call/w 3 301 "$error", "\033[31m[FAIL]\033[0m jump: PC before=%0d, jump_arg=%0d, got PC=%0d", v0x5be4fff0d970_0, v0x5be4fff0d870_0, v0x5be4fff107a0_0 {0 0 0};
T_16.46 ;
    %end;
S_0x5be4fff0da50 .scope task, "test_jump_neg" "test_jump_neg" 3 333, 3 333 0, S_0x5be4ffedf8a0;
 .timescale -9 -12;
v0x5be4fff0dc30_0 .var "addr", 7 0;
v0x5be4fff0dd30_0 .var "i", 3 0;
v0x5be4fff0de10_0 .var "pc_before", 7 0;
v0x5be4fff0df00_0 .var/s "val_i", 7 0;
TD_tb_processor.test_jump_neg ;
    %load/vec4 v0x5be4fff0dd30_0;
    %pad/u 6;
    %ix/vec4 4;
    %load/vec4a v0x5be4fff07190, 4;
    %store/vec4 v0x5be4fff0df00_0, 0, 8;
    %load/vec4 v0x5be4fff107a0_0;
    %store/vec4 v0x5be4fff0de10_0, 0, 8;
    %load/vec4 v0x5be4fff0dd30_0;
    %load/vec4 v0x5be4fff0dc30_0;
    %store/vec4 v0x5be4fff0aad0_0, 0, 8;
    %store/vec4 v0x5be4fff0abb0_0, 0, 4;
    %callf/vec4 TD_tb_processor.jump_neg, S_0x5be4fff0a7f0;
    %store/vec4 v0x5be4fff10640_0, 0, 16;
    %wait E_0x5be4ffdff390;
    %delay 1000, 0;
    %load/vec4 v0x5be4fff0df00_0;
    %pad/s 32;
    %cmpi/s 0, 0, 32;
    %flag_get/vec4 5;
    %load/vec4 v0x5be4fff107a0_0;
    %load/vec4 v0x5be4fff0dc30_0;
    %cmp/e;
    %flag_get/vec4 6;
    %and;
    %flag_set/vec4 8;
    %jmp/0xz  T_17.47, 8;
    %vpi_call/w 3 343 "$display", "\033[32m[PASS]\033[0m jump_neg: X(%0d)=%0d < 0, PC before=%0d, jump_arg=%0d --> jumped to PC=%0d OK", v0x5be4fff0dd30_0, v0x5be4fff0df00_0, v0x5be4fff0de10_0, v0x5be4fff0dc30_0, v0x5be4fff107a0_0 {0 0 0};
    %jmp T_17.48;
T_17.47 ;
    %pushi/vec4 0, 0, 32;
    %load/vec4 v0x5be4fff0df00_0;
    %pad/s 32;
    %cmp/s;
    %flag_get/vec4 4;
    %flag_get/vec4 5;
    %or;
    %load/vec4 v0x5be4fff107a0_0;
    %pad/u 32;
    %load/vec4 v0x5be4fff0de10_0;
    %pad/u 32;
    %addi 1, 0, 32;
    %cmp/e;
    %flag_get/vec4 6;
    %and;
    %flag_set/vec4 8;
    %jmp/0xz  T_17.49, 8;
    %vpi_call/w 3 346 "$display", "\033[32m[PASS]\033[0m jump_neg: X(%0d)=%0d >= 0, PC before=%0d, jump_arg=%0d --> incremented to PC=%0d OK", v0x5be4fff0dd30_0, v0x5be4fff0df00_0, v0x5be4fff0de10_0, v0x5be4fff0dc30_0, v0x5be4fff107a0_0 {0 0 0};
    %jmp T_17.50;
T_17.49 ;
    %load/vec4 v0x5be4fff0df00_0;
    %pad/s 32;
    %cmpi/s 0, 0, 32;
    %flag_mov 8, 5;
    %jmp/0 T_17.51, 8;
    %load/vec4 v0x5be4fff0dc30_0;
    %pad/u 32;
    %jmp/1 T_17.52, 8;
T_17.51 ; End of true expr.
    %load/vec4 v0x5be4fff0de10_0;
    %pad/u 32;
    %addi 1, 0, 32;
    %jmp/0 T_17.52, 8;
 ; End of false expr.
    %blend;
T_17.52;
    %vpi_call/w 3 349 "$error", "\033[31m[FAIL]\033[0m jump_neg: X(%0d)=%0d, PC before=%0d, jump_arg=%0d, expected PC=%0d, got PC=%0d", v0x5be4fff0dd30_0, v0x5be4fff0df00_0, v0x5be4fff0de10_0, v0x5be4fff0dc30_0, S<0,vec4,u32>, v0x5be4fff107a0_0 {1 0 0};
T_17.50 ;
T_17.48 ;
    %end;
S_0x5be4fff0dfe0 .scope task, "test_jump_pos" "test_jump_pos" 3 309, 3 309 0, S_0x5be4ffedf8a0;
 .timescale -9 -12;
v0x5be4fff0e1c0_0 .var "addr", 7 0;
v0x5be4fff0e2c0_0 .var "i", 3 0;
v0x5be4fff0e3a0_0 .var "pc_before", 7 0;
v0x5be4fff0e490_0 .var/s "val_i", 7 0;
TD_tb_processor.test_jump_pos ;
    %load/vec4 v0x5be4fff0e2c0_0;
    %pad/u 6;
    %ix/vec4 4;
    %load/vec4a v0x5be4fff07190, 4;
    %store/vec4 v0x5be4fff0e490_0, 0, 8;
    %load/vec4 v0x5be4fff107a0_0;
    %store/vec4 v0x5be4fff0e3a0_0, 0, 8;
    %load/vec4 v0x5be4fff0e2c0_0;
    %load/vec4 v0x5be4fff0e1c0_0;
    %store/vec4 v0x5be4fff0af80_0, 0, 8;
    %store/vec4 v0x5be4fff0b060_0, 0, 4;
    %callf/vec4 TD_tb_processor.jump_pos, S_0x5be4fff0aca0;
    %store/vec4 v0x5be4fff10640_0, 0, 16;
    %wait E_0x5be4ffdff390;
    %delay 1000, 0;
    %pushi/vec4 0, 0, 32;
    %load/vec4 v0x5be4fff0e490_0;
    %pad/s 32;
    %cmp/s;
    %flag_get/vec4 5;
    %load/vec4 v0x5be4fff107a0_0;
    %load/vec4 v0x5be4fff0e1c0_0;
    %cmp/e;
    %flag_get/vec4 6;
    %and;
    %flag_set/vec4 8;
    %jmp/0xz  T_18.53, 8;
    %vpi_call/w 3 319 "$display", "\033[32m[PASS]\033[0m jump_pos: X(%0d)=%0d > 0, PC before=%0d, jump_arg=%0d --> jumped to PC=%0d OK", v0x5be4fff0e2c0_0, v0x5be4fff0e490_0, v0x5be4fff0e3a0_0, v0x5be4fff0e1c0_0, v0x5be4fff107a0_0 {0 0 0};
    %jmp T_18.54;
T_18.53 ;
    %load/vec4 v0x5be4fff0e490_0;
    %pad/s 32;
    %cmpi/s 0, 0, 32;
    %flag_get/vec4 4;
    %flag_get/vec4 5;
    %or;
    %load/vec4 v0x5be4fff107a0_0;
    %pad/u 32;
    %load/vec4 v0x5be4fff0e3a0_0;
    %pad/u 32;
    %addi 1, 0, 32;
    %cmp/e;
    %flag_get/vec4 6;
    %and;
    %flag_set/vec4 8;
    %jmp/0xz  T_18.55, 8;
    %vpi_call/w 3 322 "$display", "\033[32m[PASS]\033[0m jump_pos: X(%0d)=%0d <= 0, PC before=%0d, jump_arg=%0d --> incremented to PC=%0d OK", v0x5be4fff0e2c0_0, v0x5be4fff0e490_0, v0x5be4fff0e3a0_0, v0x5be4fff0e1c0_0, v0x5be4fff107a0_0 {0 0 0};
    %jmp T_18.56;
T_18.55 ;
    %load/vec4 v0x5be4fff0e490_0;
    %pad/s 32;
    %cmpi/s 0, 0, 32;
    %flag_or 5, 4; GT is !LE
    %flag_inv 5;
    %flag_mov 8, 5;
    %jmp/0 T_18.57, 8;
    %load/vec4 v0x5be4fff0e1c0_0;
    %pad/u 32;
    %jmp/1 T_18.58, 8;
T_18.57 ; End of true expr.
    %load/vec4 v0x5be4fff0e3a0_0;
    %pad/u 32;
    %addi 1, 0, 32;
    %jmp/0 T_18.58, 8;
 ; End of false expr.
    %blend;
T_18.58;
    %vpi_call/w 3 325 "$error", "\033[31m[FAIL]\033[0m jump_pos: X(%0d)=%0d, PC before=%0d, jump_arg=%0d, expected PC=%0d, got PC=%0d", v0x5be4fff0e2c0_0, v0x5be4fff0e490_0, v0x5be4fff0e3a0_0, v0x5be4fff0e1c0_0, S<0,vec4,u32>, v0x5be4fff107a0_0 {1 0 0};
T_18.56 ;
T_18.54 ;
    %end;
S_0x5be4fff0e570 .scope task, "test_output_value" "test_output_value" 3 199, 3 199 0, S_0x5be4ffedf8a0;
 .timescale -9 -12;
v0x5be4fff0e750_0 .var/s "A", 7 0;
v0x5be4fff0e850_0 .var "i", 3 0;
TD_tb_processor.test_output_value ;
    %load/vec4 v0x5be4fff0e850_0;
    %load/vec4 v0x5be4fff0e750_0;
    %store/vec4 v0x5be4fff0b510_0, 0, 8;
    %store/vec4 v0x5be4fff0b430_0, 0, 4;
    %callf/vec4 TD_tb_processor.output_value, S_0x5be4fff0b150;
    %store/vec4 v0x5be4fff10640_0, 0, 16;
    %wait E_0x5be4ffdff390;
    %delay 1000, 0;
    %load/vec4 v0x5be4fff0e850_0;
    %dup/vec4;
    %pushi/vec4 0, 0, 4;
    %cmp/u;
    %jmp/1 T_19.59, 6;
    %dup/vec4;
    %pushi/vec4 1, 0, 4;
    %cmp/u;
    %jmp/1 T_19.60, 6;
    %dup/vec4;
    %pushi/vec4 2, 0, 4;
    %cmp/u;
    %jmp/1 T_19.61, 6;
    %dup/vec4;
    %pushi/vec4 3, 0, 4;
    %cmp/u;
    %jmp/1 T_19.62, 6;
    %dup/vec4;
    %pushi/vec4 4, 0, 4;
    %cmp/u;
    %jmp/1 T_19.63, 6;
    %dup/vec4;
    %pushi/vec4 5, 0, 4;
    %cmp/u;
    %jmp/1 T_19.64, 6;
    %dup/vec4;
    %pushi/vec4 6, 0, 4;
    %cmp/u;
    %jmp/1 T_19.65, 6;
    %dup/vec4;
    %pushi/vec4 7, 0, 4;
    %cmp/u;
    %jmp/1 T_19.66, 6;
    %vpi_call/w 3 236 "$error", "\033[31m[FAIL]\033[0m output_value: Invalid OUT index i=%0d", v0x5be4fff0e850_0 {0 0 0};
    %jmp T_19.68;
T_19.59 ;
    %load/vec4 v0x5be4fff0fb80_0;
    %load/vec4 v0x5be4fff0e750_0;
    %cmp/e;
    %jmp/0xz  T_19.69, 6;
    %vpi_call/w 3 205 "$display", "\033[32m[PASS]\033[0m output_value: OUT0 OK (i=%0d, Expected %0d, Got %0d)", v0x5be4fff0e850_0, v0x5be4fff0e750_0, v0x5be4fff0fb80_0 {0 0 0};
    %jmp T_19.70;
T_19.69 ;
    %vpi_call/w 3 207 "$error", "\033[31m[FAIL]\033[0m output_value: OUT0 mismatch (i=%0d). Expected %0d, Got %0d", v0x5be4fff0e850_0, v0x5be4fff0e750_0, v0x5be4fff0fb80_0 {0 0 0};
T_19.70 ;
    %jmp T_19.68;
T_19.60 ;
    %load/vec4 v0x5be4fff0fc40_0;
    %load/vec4 v0x5be4fff0e750_0;
    %cmp/e;
    %jmp/0xz  T_19.71, 6;
    %vpi_call/w 3 209 "$display", "\033[32m[PASS]\033[0m output_value: OUT1 OK (i=%0d, Expected %0d, Got %0d)", v0x5be4fff0e850_0, v0x5be4fff0e750_0, v0x5be4fff0fc40_0 {0 0 0};
    %jmp T_19.72;
T_19.71 ;
    %vpi_call/w 3 211 "$error", "\033[31m[FAIL]\033[0m output_value: OUT1 mismatch (i=%0d). Expected %0d, Got %0d", v0x5be4fff0e850_0, v0x5be4fff0e750_0, v0x5be4fff0fc40_0 {0 0 0};
T_19.72 ;
    %jmp T_19.68;
T_19.61 ;
    %load/vec4 v0x5be4fff0fd50_0;
    %load/vec4 v0x5be4fff0e750_0;
    %cmp/e;
    %jmp/0xz  T_19.73, 6;
    %vpi_call/w 3 213 "$display", "\033[32m[PASS]\033[0m output_value: OUT2 OK (i=%0d, Expected %0d, Got %0d)", v0x5be4fff0e850_0, v0x5be4fff0e750_0, v0x5be4fff0fd50_0 {0 0 0};
    %jmp T_19.74;
T_19.73 ;
    %vpi_call/w 3 215 "$error", "\033[31m[FAIL]\033[0m output_value: OUT2 mismatch (i=%0d). Expected %0d, Got %0d", v0x5be4fff0e850_0, v0x5be4fff0e750_0, v0x5be4fff0fd50_0 {0 0 0};
T_19.74 ;
    %jmp T_19.68;
T_19.62 ;
    %load/vec4 v0x5be4fff0fe60_0;
    %load/vec4 v0x5be4fff0e750_0;
    %cmp/e;
    %jmp/0xz  T_19.75, 6;
    %vpi_call/w 3 217 "$display", "\033[32m[PASS]\033[0m output_value: OUT3 OK (i=%0d, Expected %0d, Got %0d)", v0x5be4fff0e850_0, v0x5be4fff0e750_0, v0x5be4fff0fe60_0 {0 0 0};
    %jmp T_19.76;
T_19.75 ;
    %vpi_call/w 3 219 "$error", "\033[31m[FAIL]\033[0m output_value: OUT3 mismatch (i=%0d). Expected %0d, Got %0d", v0x5be4fff0e850_0, v0x5be4fff0e750_0, v0x5be4fff0fe60_0 {0 0 0};
T_19.76 ;
    %jmp T_19.68;
T_19.63 ;
    %load/vec4 v0x5be4fff0ff70_0;
    %load/vec4 v0x5be4fff0e750_0;
    %cmp/e;
    %jmp/0xz  T_19.77, 6;
    %vpi_call/w 3 221 "$display", "\033[32m[PASS]\033[0m output_value: OUT4 OK (i=%0d, Expected %0d, Got %0d)", v0x5be4fff0e850_0, v0x5be4fff0e750_0, v0x5be4fff0ff70_0 {0 0 0};
    %jmp T_19.78;
T_19.77 ;
    %vpi_call/w 3 223 "$error", "\033[31m[FAIL]\033[0m output_value: OUT4 mismatch (i=%0d). Expected %0d, Got %0d", v0x5be4fff0e850_0, v0x5be4fff0e750_0, v0x5be4fff0ff70_0 {0 0 0};
T_19.78 ;
    %jmp T_19.68;
T_19.64 ;
    %load/vec4 v0x5be4fff10080_0;
    %load/vec4 v0x5be4fff0e750_0;
    %cmp/e;
    %jmp/0xz  T_19.79, 6;
    %vpi_call/w 3 225 "$display", "\033[32m[PASS]\033[0m output_value: OUT5 OK (i=%0d, Expected %0d, Got %0d)", v0x5be4fff0e850_0, v0x5be4fff0e750_0, v0x5be4fff10080_0 {0 0 0};
    %jmp T_19.80;
T_19.79 ;
    %vpi_call/w 3 227 "$error", "\033[31m[FAIL]\033[0m output_value: OUT5 mismatch (i=%0d). Expected %0d, Got %0d", v0x5be4fff0e850_0, v0x5be4fff0e750_0, v0x5be4fff10080_0 {0 0 0};
T_19.80 ;
    %jmp T_19.68;
T_19.65 ;
    %load/vec4 v0x5be4fff10190_0;
    %load/vec4 v0x5be4fff0e750_0;
    %cmp/e;
    %jmp/0xz  T_19.81, 6;
    %vpi_call/w 3 229 "$display", "\033[32m[PASS]\033[0m output_value: OUT6 OK (i=%0d, Expected %0d, Got %0d)", v0x5be4fff0e850_0, v0x5be4fff0e750_0, v0x5be4fff10190_0 {0 0 0};
    %jmp T_19.82;
T_19.81 ;
    %vpi_call/w 3 231 "$error", "\033[31m[FAIL]\033[0m output_value: OUT6 mismatch (i=%0d). Expected %0d, Got %0d", v0x5be4fff0e850_0, v0x5be4fff0e750_0, v0x5be4fff10190_0 {0 0 0};
T_19.82 ;
    %jmp T_19.68;
T_19.66 ;
    %load/vec4 v0x5be4fff102a0_0;
    %load/vec4 v0x5be4fff0e750_0;
    %cmp/e;
    %jmp/0xz  T_19.83, 6;
    %vpi_call/w 3 233 "$display", "\033[32m[PASS]\033[0m output_value: OUT7 OK (i=%0d, Expected %0d, Got %0d)", v0x5be4fff0e850_0, v0x5be4fff0e750_0, v0x5be4fff102a0_0 {0 0 0};
    %jmp T_19.84;
T_19.83 ;
    %vpi_call/w 3 235 "$error", "\033[31m[FAIL]\033[0m output_value: OUT7 mismatch (i=%0d). Expected %0d, Got %0d", v0x5be4fff0e850_0, v0x5be4fff0e750_0, v0x5be4fff102a0_0 {0 0 0};
T_19.84 ;
    %jmp T_19.68;
T_19.68 ;
    %pop/vec4 1;
    %end;
S_0x5be4fff0e930 .scope task, "test_simple" "test_simple" 3 497, 3 497 0, S_0x5be4ffedf8a0;
 .timescale -9 -12;
TD_tb_processor.test_simple ;
    %vpi_call/w 3 499 "$display", "'''''''''''''''''''''''''''''''''''''''''''''''''''''''''''''''''''''" {0 0 0};
    %vpi_call/w 3 500 "$display", "'''''''''''''''''' STARTING TEST_SIMPLE PROGRAM ''''''''''''''''''''''" {0 0 0};
    %vpi_call/w 3 501 "$display", "'''''''''''''''''''''''''''''''''''''''''''''''''''''''''''''''''''''" {0 0 0};
    %pushi/vec4 0, 0, 4;
    %store/vec4 v0x5be4fff0cc60_0, 0, 4;
    %pushi/vec4 211, 0, 8;
    %store/vec4 v0x5be4fff0cb60_0, 0, 8;
    %fork TD_tb_processor.test_assign_value, S_0x5be4fff0c980;
    %join;
    %pushi/vec4 5, 0, 4;
    %store/vec4 v0x5be4fff0d020_0, 0, 4;
    %pushi/vec4 3, 0, 4;
    %store/vec4 v0x5be4fff0d100_0, 0, 4;
    %pushi/vec4 42, 0, 8;
    %store/vec4 v0x5be4fff0cf20_0, 0, 8;
    %fork TD_tb_processor.test_data_input, S_0x5be4fff0cd40;
    %join;
    %pushi/vec4 4, 0, 4;
    %store/vec4 v0x5be4fff0d4b0_0, 0, 4;
    %pushi/vec4 0, 0, 4;
    %store/vec4 v0x5be4fff0d5b0_0, 0, 4;
    %fork TD_tb_processor.test_data_output, S_0x5be4fff0d1c0;
    %join;
    %pushi/vec4 0, 0, 4;
    %store/vec4 v0x5be4fff0c4c0_0, 0, 4;
    %pushi/vec4 3, 0, 4;
    %store/vec4 v0x5be4fff0c5a0_0, 0, 4;
    %pushi/vec4 2, 0, 4;
    %store/vec4 v0x5be4fff0c690_0, 0, 4;
    %fork TD_tb_processor.test_add, S_0x5be4fff0c1e0;
    %join;
    %pushi/vec4 0, 0, 4;
    %store/vec4 v0x5be4fff0edf0_0, 0, 4;
    %pushi/vec4 3, 0, 4;
    %store/vec4 v0x5be4fff0eed0_0, 0, 4;
    %pushi/vec4 3, 0, 4;
    %store/vec4 v0x5be4fff0efc0_0, 0, 4;
    %fork TD_tb_processor.test_sub, S_0x5be4fff0eb10;
    %join;
    %pushi/vec4 5, 0, 8;
    %store/vec4 v0x5be4fff0d870_0, 0, 8;
    %fork TD_tb_processor.test_jump, S_0x5be4fff0d690;
    %join;
    %pushi/vec4 0, 0, 4;
    %store/vec4 v0x5be4fff0dd30_0, 0, 4;
    %pushi/vec4 4, 0, 8;
    %store/vec4 v0x5be4fff0dc30_0, 0, 8;
    %fork TD_tb_processor.test_jump_neg, S_0x5be4fff0da50;
    %join;
    %pushi/vec4 0, 0, 4;
    %store/vec4 v0x5be4fff0e2c0_0, 0, 4;
    %pushi/vec4 7, 0, 8;
    %store/vec4 v0x5be4fff0e1c0_0, 0, 8;
    %fork TD_tb_processor.test_jump_pos, S_0x5be4fff0dfe0;
    %join;
    %fork TD_tb_processor.reset, S_0x5be4fff0b600;
    %join;
    %vpi_call/w 3 512 "$display", "'''''''''''''''''''''''''''''''''''''''''''''''''''''''''''''''''''''" {0 0 0};
    %vpi_call/w 3 513 "$display", "'''''''''''''''''' ENDING TEST_SIMPLE PROGRAM ''''''''''''''''''''''" {0 0 0};
    %vpi_call/w 3 514 "$display", "'''''''''''''''''''''''''''''''''''''''''''''''''''''''''''''''''''''" {0 0 0};
    %end;
S_0x5be4fff0eb10 .scope task, "test_sub" "test_sub" 3 267, 3 267 0, S_0x5be4ffedf8a0;
 .timescale -9 -12;
v0x5be4fff0ecf0_0 .var/s "expected", 7 0;
v0x5be4fff0edf0_0 .var "i", 3 0;
v0x5be4fff0eed0_0 .var "j", 3 0;
v0x5be4fff0efc0_0 .var "k", 3 0;
v0x5be4fff0f0a0_0 .var/s "val_i", 7 0;
v0x5be4fff0f1d0_0 .var/s "val_j", 7 0;
TD_tb_processor.test_sub ;
    %load/vec4 v0x5be4fff0edf0_0;
    %pad/u 6;
    %ix/vec4 4;
    %load/vec4a v0x5be4fff07190, 4;
    %store/vec4 v0x5be4fff0f0a0_0, 0, 8;
    %load/vec4 v0x5be4fff0eed0_0;
    %pad/u 6;
    %ix/vec4 4;
    %load/vec4a v0x5be4fff07190, 4;
    %store/vec4 v0x5be4fff0f1d0_0, 0, 8;
    %load/vec4 v0x5be4fff0f0a0_0;
    %load/vec4 v0x5be4fff0f1d0_0;
    %sub;
    %store/vec4 v0x5be4fff0ecf0_0, 0, 8;
    %load/vec4 v0x5be4fff0edf0_0;
    %load/vec4 v0x5be4fff0eed0_0;
    %load/vec4 v0x5be4fff0efc0_0;
    %store/vec4 v0x5be4fff0c100_0, 0, 4;
    %store/vec4 v0x5be4fff0c010_0, 0, 4;
    %store/vec4 v0x5be4fff0bf30_0, 0, 4;
    %callf/vec4 TD_tb_processor.sub, S_0x5be4fff0bc50;
    %store/vec4 v0x5be4fff10640_0, 0, 16;
    %wait E_0x5be4ffdff390;
    %delay 1000, 0;
    %load/vec4 v0x5be4fff0efc0_0;
    %pad/u 6;
    %ix/vec4 4;
    %load/vec4a v0x5be4fff07190, 4;
    %load/vec4 v0x5be4fff0ecf0_0;
    %cmp/e;
    %jmp/0xz  T_21.85, 6;
    %load/vec4 v0x5be4fff0efc0_0;
    %pad/u 6;
    %ix/vec4 4;
    %load/vec4a v0x5be4fff07190, 4;
    %vpi_call/w 3 280 "$display", "\033[32m[PASS]\033[0m sub: X(%0d) = X(%0d) - X(%0d) --> %0d = %0d - %0d OK", v0x5be4fff0efc0_0, v0x5be4fff0edf0_0, v0x5be4fff0eed0_0, S<0,vec4,s8>, v0x5be4fff0f0a0_0, v0x5be4fff0f1d0_0 {1 0 0};
    %jmp T_21.86;
T_21.85 ;
    %load/vec4 v0x5be4fff0efc0_0;
    %pad/u 6;
    %ix/vec4 4;
    %load/vec4a v0x5be4fff07190, 4;
    %vpi_call/w 3 283 "$error", "\033[31m[FAIL]\033[0m sub: X(%0d) = X(%0d) - X(%0d) --> expected %0d = %0d - %0d, got %0d", v0x5be4fff0efc0_0, v0x5be4fff0edf0_0, v0x5be4fff0eed0_0, v0x5be4fff0ecf0_0, v0x5be4fff0f0a0_0, v0x5be4fff0f1d0_0, S<0,vec4,s8> {1 0 0};
T_21.86 ;
    %end;
    .scope S_0x5be4fff03520;
T_22 ;
    %wait E_0x5be4ffe38080;
    %load/vec4 v0x5be4fff041f0_0;
    %dup/vec4;
    %pushi/vec4 0, 0, 2;
    %cmp/u;
    %jmp/1 T_22.0, 6;
    %dup/vec4;
    %pushi/vec4 1, 0, 2;
    %cmp/u;
    %jmp/1 T_22.1, 6;
    %dup/vec4;
    %pushi/vec4 2, 0, 2;
    %cmp/u;
    %jmp/1 T_22.2, 6;
    %dup/vec4;
    %pushi/vec4 3, 0, 2;
    %cmp/u;
    %jmp/1 T_22.3, 6;
    %pushi/vec4 255, 255, 8;
    %store/vec4 v0x5be4fff04390_0, 0, 8;
    %jmp T_22.5;
T_22.0 ;
    %load/vec4 v0x5be4fff038b0_0;
    %store/vec4 v0x5be4fff04390_0, 0, 8;
    %jmp T_22.5;
T_22.1 ;
    %load/vec4 v0x5be4fff04110_0;
    %dup/vec4;
    %pushi/vec4 0, 0, 3;
    %cmp/u;
    %jmp/1 T_22.6, 6;
    %dup/vec4;
    %pushi/vec4 1, 0, 3;
    %cmp/u;
    %jmp/1 T_22.7, 6;
    %dup/vec4;
    %pushi/vec4 2, 0, 3;
    %cmp/u;
    %jmp/1 T_22.8, 6;
    %dup/vec4;
    %pushi/vec4 3, 0, 3;
    %cmp/u;
    %jmp/1 T_22.9, 6;
    %dup/vec4;
    %pushi/vec4 4, 0, 3;
    %cmp/u;
    %jmp/1 T_22.10, 6;
    %dup/vec4;
    %pushi/vec4 5, 0, 3;
    %cmp/u;
    %jmp/1 T_22.11, 6;
    %dup/vec4;
    %pushi/vec4 6, 0, 3;
    %cmp/u;
    %jmp/1 T_22.12, 6;
    %dup/vec4;
    %pushi/vec4 7, 0, 3;
    %cmp/u;
    %jmp/1 T_22.13, 6;
    %pushi/vec4 255, 255, 8;
    %store/vec4 v0x5be4fff04390_0, 0, 8;
    %jmp T_22.15;
T_22.6 ;
    %load/vec4 v0x5be4fff039b0_0;
    %store/vec4 v0x5be4fff04390_0, 0, 8;
    %jmp T_22.15;
T_22.7 ;
    %load/vec4 v0x5be4fff03a90_0;
    %store/vec4 v0x5be4fff04390_0, 0, 8;
    %jmp T_22.15;
T_22.8 ;
    %load/vec4 v0x5be4fff03b80_0;
    %store/vec4 v0x5be4fff04390_0, 0, 8;
    %jmp T_22.15;
T_22.9 ;
    %load/vec4 v0x5be4fff03c60_0;
    %store/vec4 v0x5be4fff04390_0, 0, 8;
    %jmp T_22.15;
T_22.10 ;
    %load/vec4 v0x5be4fff03d90_0;
    %store/vec4 v0x5be4fff04390_0, 0, 8;
    %jmp T_22.15;
T_22.11 ;
    %load/vec4 v0x5be4fff03e70_0;
    %store/vec4 v0x5be4fff04390_0, 0, 8;
    %jmp T_22.15;
T_22.12 ;
    %load/vec4 v0x5be4fff03f50_0;
    %store/vec4 v0x5be4fff04390_0, 0, 8;
    %jmp T_22.15;
T_22.13 ;
    %load/vec4 v0x5be4fff04030_0;
    %store/vec4 v0x5be4fff04390_0, 0, 8;
    %jmp T_22.15;
T_22.15 ;
    %pop/vec4 1;
    %jmp T_22.5;
T_22.2 ;
    %load/vec4 v0x5be4fff042d0_0;
    %store/vec4 v0x5be4fff04390_0, 0, 8;
    %jmp T_22.5;
T_22.3 ;
    %pushi/vec4 0, 0, 8;
    %store/vec4 v0x5be4fff04390_0, 0, 8;
    %jmp T_22.5;
T_22.5 ;
    %pop/vec4 1;
    %jmp T_22;
    .thread T_22, $push;
    .scope S_0x5be4fff064b0;
T_23 ;
    %wait E_0x5be4ffdff390;
    %load/vec4 v0x5be4fff07400_0;
    %flag_set/vec4 8;
    %jmp/0xz  T_23.0, 8;
    %load/vec4 v0x5be4fff07250_0;
    %load/vec4 v0x5be4fff06ff0_0;
    %pad/u 6;
    %ix/vec4 3;
    %ix/load 4, 0, 0; Constant delay
    %assign/vec4/a/d v0x5be4fff07190, 0, 4;
T_23.0 ;
    %jmp T_23;
    .thread T_23;
    .scope S_0x5be4fff045f0;
T_24 ;
    %wait E_0x5be4ffdff390;
    %load/vec4 v0x5be4fff059a0_0;
    %flag_set/vec4 8;
    %jmp/0xz  T_24.0, 8;
    %load/vec4 v0x5be4fff058e0_0;
    %dup/vec4;
    %pushi/vec4 0, 0, 3;
    %cmp/u;
    %jmp/1 T_24.2, 6;
    %dup/vec4;
    %pushi/vec4 1, 0, 3;
    %cmp/u;
    %jmp/1 T_24.3, 6;
    %dup/vec4;
    %pushi/vec4 2, 0, 3;
    %cmp/u;
    %jmp/1 T_24.4, 6;
    %dup/vec4;
    %pushi/vec4 3, 0, 3;
    %cmp/u;
    %jmp/1 T_24.5, 6;
    %dup/vec4;
    %pushi/vec4 4, 0, 3;
    %cmp/u;
    %jmp/1 T_24.6, 6;
    %dup/vec4;
    %pushi/vec4 5, 0, 3;
    %cmp/u;
    %jmp/1 T_24.7, 6;
    %dup/vec4;
    %pushi/vec4 6, 0, 3;
    %cmp/u;
    %jmp/1 T_24.8, 6;
    %dup/vec4;
    %pushi/vec4 7, 0, 3;
    %cmp/u;
    %jmp/1 T_24.9, 6;
    %jmp T_24.10;
T_24.2 ;
    %load/vec4 v0x5be4fff05a60_0;
    %flag_set/vec4 8;
    %jmp/0 T_24.11, 8;
    %load/vec4 v0x5be4fff06220_0;
    %jmp/1 T_24.12, 8;
T_24.11 ; End of true expr.
    %load/vec4 v0x5be4fff048e0_0;
    %jmp/0 T_24.12, 8;
 ; End of false expr.
    %blend;
T_24.12;
    %assign/vec4 v0x5be4fff05b20_0, 0;
    %jmp T_24.10;
T_24.3 ;
    %load/vec4 v0x5be4fff05a60_0;
    %flag_set/vec4 8;
    %jmp/0 T_24.13, 8;
    %load/vec4 v0x5be4fff06220_0;
    %jmp/1 T_24.14, 8;
T_24.13 ; End of true expr.
    %load/vec4 v0x5be4fff048e0_0;
    %jmp/0 T_24.14, 8;
 ; End of false expr.
    %blend;
T_24.14;
    %assign/vec4 v0x5be4fff05c00_0, 0;
    %jmp T_24.10;
T_24.4 ;
    %load/vec4 v0x5be4fff05a60_0;
    %flag_set/vec4 8;
    %jmp/0 T_24.15, 8;
    %load/vec4 v0x5be4fff06220_0;
    %jmp/1 T_24.16, 8;
T_24.15 ; End of true expr.
    %load/vec4 v0x5be4fff048e0_0;
    %jmp/0 T_24.16, 8;
 ; End of false expr.
    %blend;
T_24.16;
    %assign/vec4 v0x5be4fff05ce0_0, 0;
    %jmp T_24.10;
T_24.5 ;
    %load/vec4 v0x5be4fff05a60_0;
    %flag_set/vec4 8;
    %jmp/0 T_24.17, 8;
    %load/vec4 v0x5be4fff06220_0;
    %jmp/1 T_24.18, 8;
T_24.17 ; End of true expr.
    %load/vec4 v0x5be4fff048e0_0;
    %jmp/0 T_24.18, 8;
 ; End of false expr.
    %blend;
T_24.18;
    %assign/vec4 v0x5be4fff05dc0_0, 0;
    %jmp T_24.10;
T_24.6 ;
    %load/vec4 v0x5be4fff05a60_0;
    %flag_set/vec4 8;
    %jmp/0 T_24.19, 8;
    %load/vec4 v0x5be4fff06220_0;
    %jmp/1 T_24.20, 8;
T_24.19 ; End of true expr.
    %load/vec4 v0x5be4fff048e0_0;
    %jmp/0 T_24.20, 8;
 ; End of false expr.
    %blend;
T_24.20;
    %assign/vec4 v0x5be4fff05ea0_0, 0;
    %jmp T_24.10;
T_24.7 ;
    %load/vec4 v0x5be4fff05a60_0;
    %flag_set/vec4 8;
    %jmp/0 T_24.21, 8;
    %load/vec4 v0x5be4fff06220_0;
    %jmp/1 T_24.22, 8;
T_24.21 ; End of true expr.
    %load/vec4 v0x5be4fff048e0_0;
    %jmp/0 T_24.22, 8;
 ; End of false expr.
    %blend;
T_24.22;
    %assign/vec4 v0x5be4fff05f80_0, 0;
    %jmp T_24.10;
T_24.8 ;
    %load/vec4 v0x5be4fff05a60_0;
    %flag_set/vec4 8;
    %jmp/0 T_24.23, 8;
    %load/vec4 v0x5be4fff06220_0;
    %jmp/1 T_24.24, 8;
T_24.23 ; End of true expr.
    %load/vec4 v0x5be4fff048e0_0;
    %jmp/0 T_24.24, 8;
 ; End of false expr.
    %blend;
T_24.24;
    %assign/vec4 v0x5be4fff06060_0, 0;
    %jmp T_24.10;
T_24.9 ;
    %load/vec4 v0x5be4fff05a60_0;
    %flag_set/vec4 8;
    %jmp/0 T_24.25, 8;
    %load/vec4 v0x5be4fff06220_0;
    %jmp/1 T_24.26, 8;
T_24.25 ; End of true expr.
    %load/vec4 v0x5be4fff048e0_0;
    %jmp/0 T_24.26, 8;
 ; End of false expr.
    %blend;
T_24.26;
    %assign/vec4 v0x5be4fff06140_0, 0;
    %jmp T_24.10;
T_24.10 ;
    %pop/vec4 1;
T_24.0 ;
    %jmp T_24;
    .thread T_24;
    .scope S_0x5be4fff02d00;
T_25 ;
    %wait E_0x5be4ffdff390;
    %load/vec4 v0x5be4fff033a0_0;
    %flag_set/vec4 8;
    %jmp/0xz  T_25.0, 8;
    %pushi/vec4 0, 0, 8;
    %assign/vec4 v0x5be4fff03270_0, 0;
    %jmp T_25.1;
T_25.0 ;
    %load/vec4 v0x5be4fff031b0_0;
    %dup/vec4;
    %pushi/vec4 14, 0, 4;
    %cmp/u;
    %jmp/1 T_25.2, 6;
    %dup/vec4;
    %pushi/vec4 12, 0, 4;
    %cmp/u;
    %jmp/1 T_25.3, 6;
    %dup/vec4;
    %pushi/vec4 13, 0, 4;
    %cmp/u;
    %jmp/1 T_25.4, 6;
    %load/vec4 v0x5be4fff03270_0;
    %addi 1, 0, 8;
    %assign/vec4 v0x5be4fff03270_0, 0;
    %jmp T_25.6;
T_25.2 ;
    %load/vec4 v0x5be4fff02f20_0;
    %assign/vec4 v0x5be4fff03270_0, 0;
    %jmp T_25.6;
T_25.3 ;
    %load/vec4 v0x5be4fff030e0_0;
    %pad/s 32;
    %cmpi/s 0, 0, 32;
    %flag_or 5, 4; GT is !LE
    %flag_inv 5;
    %jmp/0xz  T_25.7, 5;
    %load/vec4 v0x5be4fff02f20_0;
    %assign/vec4 v0x5be4fff03270_0, 0;
    %jmp T_25.8;
T_25.7 ;
    %load/vec4 v0x5be4fff03270_0;
    %addi 1, 0, 8;
    %assign/vec4 v0x5be4fff03270_0, 0;
T_25.8 ;
    %jmp T_25.6;
T_25.4 ;
    %load/vec4 v0x5be4fff030e0_0;
    %pad/s 32;
    %cmpi/s 0, 0, 32;
    %jmp/0xz  T_25.9, 5;
    %load/vec4 v0x5be4fff02f20_0;
    %assign/vec4 v0x5be4fff03270_0, 0;
    %jmp T_25.10;
T_25.9 ;
    %load/vec4 v0x5be4fff03270_0;
    %addi 1, 0, 8;
    %assign/vec4 v0x5be4fff03270_0, 0;
T_25.10 ;
    %jmp T_25.6;
T_25.6 ;
    %pop/vec4 1;
T_25.1 ;
    %jmp T_25;
    .thread T_25;
    .scope S_0x5be4ffedf8a0;
T_26 ;
    %pushi/vec4 0, 0, 1;
    %store/vec4 v0x5be4fff103b0_0, 0, 1;
    %end;
    .thread T_26, $init;
    .scope S_0x5be4ffedf8a0;
T_27 ;
    %delay 5000, 0;
    %load/vec4 v0x5be4fff103b0_0;
    %inv;
    %store/vec4 v0x5be4fff103b0_0, 0, 1;
    %jmp T_27;
    .thread T_27;
    .scope S_0x5be4ffedf8a0;
T_28 ;
    %vpi_call/w 3 521 "$dumpfile", "tb_processor.vcd" {0 0 0};
    %vpi_call/w 3 522 "$dumpvars", 32'sb00000000000000000000000000000000, S_0x5be4ffedf8a0 {0 0 0};
    %fork TD_tb_processor.reset, S_0x5be4fff0b600;
    %join;
    %fork TD_tb_processor.test_simple, S_0x5be4fff0e930;
    %join;
    %delay 10000, 0;
    %vpi_call/w 3 543 "$finish" {0 0 0};
    %end;
    .thread T_28;
# The file index is used to find the file name in the following table.
:file_names 10;
    "N/A";
    "<interactive>";
    "-";
    "../tb/tb_processor.v";
    "../rtl/processor_top.v";
    "../rtl/arithmetic_unit.v";
    "../rtl/go_to.v";
    "../rtl/input_selection.v";
    "../rtl/output_selection.v";
    "../rtl/register_bank.v";
