#! /usr/bin/vvp
:ivl_version "11.0 (stable)";
:ivl_delay_selection "TYPICAL";
:vpi_time_precision - 12;
:vpi_module "/usr/lib/x86_64-linux-gnu/ivl/system.vpi";
:vpi_module "/usr/lib/x86_64-linux-gnu/ivl/vhdl_sys.vpi";
:vpi_module "/usr/lib/x86_64-linux-gnu/ivl/vhdl_textio.vpi";
:vpi_module "/usr/lib/x86_64-linux-gnu/ivl/v2005_math.vpi";
:vpi_module "/usr/lib/x86_64-linux-gnu/ivl/va_math.vpi";
:vpi_module "/usr/lib/x86_64-linux-gnu/ivl/v2009.vpi";
S_0x647f7bed4b50 .scope package, "$unit" "$unit" 2 1;
 .timescale 0 0;
S_0x647f7bed4ce0 .scope module, "tb_arithmetic_unit" "tb_arithmetic_unit" 3 3;
 .timescale -9 -12;
v0x647f7beee250_0 .var "f", 0 0;
v0x647f7beee340_0 .var/s "left", 7 0;
v0x647f7beee410_0 .net/s "result", 7 0, L_0x647f7beee860;  1 drivers
v0x647f7beee510_0 .var/s "right", 7 0;
S_0x647f7be9acf0 .scope module, "DUT" "arithmetic_unit" 3 9, 4 3 0, S_0x647f7bed4ce0;
 .timescale -9 -12;
    .port_info 0 /INPUT 8 "left_in";
    .port_info 1 /INPUT 8 "right_in";
    .port_info 2 /INPUT 1 "f";
    .port_info 3 /OUTPUT 8 "result";
v0x647f7be9cba0_0 .net/s *"_ivl_0", 7 0, L_0x647f7beee5e0;  1 drivers
v0x647f7beed5d0_0 .net/s *"_ivl_2", 7 0, L_0x647f7beee7c0;  1 drivers
v0x647f7beed6b0_0 .net "f", 0 0, v0x647f7beee250_0;  1 drivers
v0x647f7beed780_0 .net/s "left_in", 7 0, v0x647f7beee340_0;  1 drivers
v0x647f7beed860_0 .net/s "result", 7 0, L_0x647f7beee860;  alias, 1 drivers
v0x647f7beed990_0 .net/s "right_in", 7 0, v0x647f7beee510_0;  1 drivers
L_0x647f7beee5e0 .arith/sub 8, v0x647f7beee340_0, v0x647f7beee510_0;
L_0x647f7beee7c0 .arith/sum 8, v0x647f7beee340_0, v0x647f7beee510_0;
L_0x647f7beee860 .functor MUXZ 8, L_0x647f7beee7c0, L_0x647f7beee5e0, v0x647f7beee250_0, C4<>;
S_0x647f7beedaf0 .scope task, "add" "add" 3 14, 3 14 0, S_0x647f7bed4ce0;
 .timescale -9 -12;
v0x647f7beedcf0_0 .var/s "a", 7 0;
v0x647f7beeddd0_0 .var/s "b", 7 0;
TD_tb_arithmetic_unit.add ;
    %pushi/vec4 0, 0, 1;
    %store/vec4 v0x647f7beee250_0, 0, 1;
    %load/vec4 v0x647f7beedcf0_0;
    %store/vec4 v0x647f7beee340_0, 0, 8;
    %load/vec4 v0x647f7beeddd0_0;
    %store/vec4 v0x647f7beee510_0, 0, 8;
    %delay 1000, 0;
    %load/vec4 v0x647f7beee410_0;
    %load/vec4 v0x647f7beedcf0_0;
    %load/vec4 v0x647f7beeddd0_0;
    %add;
    %cmp/e;
    %jmp/0xz  T_0.0, 4;
    %vpi_call/w 3 22 "$display", "ADD SUCCESS, %d + %d = %d", v0x647f7beedcf0_0, v0x647f7beeddd0_0, v0x647f7beee410_0 {0 0 0};
    %jmp T_0.1;
T_0.0 ;
    %vpi_call/w 3 24 "$display", "ADD FAILURE, %d + %d = %d", v0x647f7beedcf0_0, v0x647f7beeddd0_0, v0x647f7beee410_0 {0 0 0};
T_0.1 ;
    %end;
S_0x647f7beedeb0 .scope task, "sub" "sub" 3 28, 3 28 0, S_0x647f7bed4ce0;
 .timescale -9 -12;
v0x647f7beee090_0 .var/s "a", 7 0;
v0x647f7beee170_0 .var/s "b", 7 0;
TD_tb_arithmetic_unit.sub ;
    %pushi/vec4 1, 0, 1;
    %store/vec4 v0x647f7beee250_0, 0, 1;
    %load/vec4 v0x647f7beee090_0;
    %store/vec4 v0x647f7beee340_0, 0, 8;
    %load/vec4 v0x647f7beee170_0;
    %store/vec4 v0x647f7beee510_0, 0, 8;
    %delay 1000, 0;
    %load/vec4 v0x647f7beee410_0;
    %load/vec4 v0x647f7beee090_0;
    %load/vec4 v0x647f7beee170_0;
    %sub;
    %cmp/e;
    %jmp/0xz  T_1.2, 4;
    %vpi_call/w 3 35 "$display", "SUB SUCCESS, %d - %d = %d", v0x647f7beee090_0, v0x647f7beee170_0, v0x647f7beee410_0 {0 0 0};
    %jmp T_1.3;
T_1.2 ;
    %vpi_call/w 3 37 "$display", "SUB FAILURE, %d - %d = %d", v0x647f7beee090_0, v0x647f7beee170_0, v0x647f7beee410_0 {0 0 0};
T_1.3 ;
    %end;
    .scope S_0x647f7bed4ce0;
T_2 ;
    %pushi/vec4 5, 0, 8;
    %store/vec4 v0x647f7beedcf0_0, 0, 8;
    %pushi/vec4 7, 0, 8;
    %store/vec4 v0x647f7beeddd0_0, 0, 8;
    %fork TD_tb_arithmetic_unit.add, S_0x647f7beedaf0;
    %join;
    %pushi/vec4 3, 0, 8;
    %store/vec4 v0x647f7beee090_0, 0, 8;
    %pushi/vec4 2, 0, 8;
    %store/vec4 v0x647f7beee170_0, 0, 8;
    %fork TD_tb_arithmetic_unit.sub, S_0x647f7beedeb0;
    %join;
    %pushi/vec4 4, 0, 8;
    %store/vec4 v0x647f7beedcf0_0, 0, 8;
    %pushi/vec4 254, 0, 8;
    %store/vec4 v0x647f7beeddd0_0, 0, 8;
    %fork TD_tb_arithmetic_unit.add, S_0x647f7beedaf0;
    %join;
    %pushi/vec4 22, 0, 8;
    %store/vec4 v0x647f7beedcf0_0, 0, 8;
    %pushi/vec4 5, 0, 8;
    %store/vec4 v0x647f7beeddd0_0, 0, 8;
    %fork TD_tb_arithmetic_unit.add, S_0x647f7beedaf0;
    %join;
    %pushi/vec4 32, 0, 8;
    %store/vec4 v0x647f7beee090_0, 0, 8;
    %pushi/vec4 252, 0, 8;
    %store/vec4 v0x647f7beee170_0, 0, 8;
    %fork TD_tb_arithmetic_unit.sub, S_0x647f7beedeb0;
    %join;
    %pushi/vec4 5, 0, 8;
    %store/vec4 v0x647f7beee090_0, 0, 8;
    %pushi/vec4 7, 0, 8;
    %store/vec4 v0x647f7beee170_0, 0, 8;
    %fork TD_tb_arithmetic_unit.sub, S_0x647f7beedeb0;
    %join;
    %end;
    .thread T_2;
# The file index is used to find the file name in the following table.
:file_names 5;
    "N/A";
    "<interactive>";
    "-";
    "../tb/tb_arithmetic.v";
    "../rtl/arithmetic_unit.v";
