#! /usr/bin/vvp
:ivl_version "11.0 (stable)";
:ivl_delay_selection "TYPICAL";
:vpi_time_precision - 12;
:vpi_module "/usr/lib/x86_64-linux-gnu/ivl/system.vpi";
:vpi_module "/usr/lib/x86_64-linux-gnu/ivl/vhdl_sys.vpi";
:vpi_module "/usr/lib/x86_64-linux-gnu/ivl/vhdl_textio.vpi";
:vpi_module "/usr/lib/x86_64-linux-gnu/ivl/v2005_math.vpi";
:vpi_module "/usr/lib/x86_64-linux-gnu/ivl/va_math.vpi";
:vpi_module "/usr/lib/x86_64-linux-gnu/ivl/v2009.vpi";
S_0x5b8eb2bec2d0 .scope package, "$unit" "$unit" 2 1;
 .timescale 0 0;
S_0x5b8eb2bec460 .scope module, "tb_go_to" "tb_go_to" 3 3;
 .timescale -9 -12;
P_0x5b8eb2bb1620 .param/l "cycle" 0 3 22, +C4<00000000000000000000000000001010>;
P_0x5b8eb2bb1660 .param/l "thold" 0 3 23, +C4<00000000000000000000000000000001>;
P_0x5b8eb2bb16a0 .param/l "tsetup" 0 3 24, +C4<00000000000000000000000000000001>;
v0x5b8eb2c21450_0 .var "N", 7 0;
v0x5b8eb2c21530_0 .var "clk", 0 0;
v0x5b8eb2c21600_0 .var/s "data", 7 0;
v0x5b8eb2c21700_0 .var "numb_sel", 3 0;
v0x5b8eb2c217d0_0 .net "number", 7 0, v0x5b8eb2bd8630_0;  1 drivers
v0x5b8eb2c218c0_0 .var "rst", 0 0;
S_0x5b8eb2c00ab0 .scope module, "DUT" "go_to" 3 15, 4 3 0, S_0x5b8eb2bec460;
 .timescale -9 -12;
    .port_info 0 /INPUT 1 "clk";
    .port_info 1 /INPUT 1 "rst";
    .port_info 2 /INPUT 4 "numb_sel";
    .port_info 3 /INPUT 8 "data";
    .port_info 4 /INPUT 8 "N";
    .port_info 5 /OUTPUT 8 "number";
v0x5b8eb2bdc450_0 .net "N", 7 0, v0x5b8eb2c21450_0;  1 drivers
v0x5b8eb2bdffe0_0 .net "clk", 0 0, v0x5b8eb2c21530_0;  1 drivers
v0x5b8eb2bda290_0 .net/s "data", 7 0, v0x5b8eb2c21600_0;  1 drivers
v0x5b8eb2bda1f0_0 .net "numb_sel", 3 0, v0x5b8eb2c21700_0;  1 drivers
v0x5b8eb2bd8630_0 .var "number", 7 0;
v0x5b8eb2c204b0_0 .net "rst", 0 0, v0x5b8eb2c218c0_0;  1 drivers
E_0x5b8eb2be9bd0 .event posedge, v0x5b8eb2bdffe0_0;
S_0x5b8eb2c20630 .scope task, "jump" "jump" 3 49, 3 49 0, S_0x5b8eb2bec460;
 .timescale -9 -12;
v0x5b8eb2c20830_0 .var "n", 7 0;
TD_tb_go_to.jump ;
    %pushi/vec4 0, 0, 1;
    %store/vec4 v0x5b8eb2c218c0_0, 0, 1;
    %pushi/vec4 14, 0, 4;
    %store/vec4 v0x5b8eb2c21700_0, 0, 4;
    %load/vec4 v0x5b8eb2c20830_0;
    %store/vec4 v0x5b8eb2c21450_0, 0, 8;
    %wait E_0x5b8eb2be9bd0;
    %delay 1000, 0;
    %load/vec4 v0x5b8eb2c217d0_0;
    %load/vec4 v0x5b8eb2c21450_0;
    %cmp/e;
    %jmp/0xz  T_0.0, 4;
    %vpi_call/w 3 60 "$display", "At time t = %0t,The jump instr is working", $time {0 0 0};
    %vpi_call/w 3 61 "$display", "At time t = %0t,The instr number generetad is %d, the given instr number is %d", $time, v0x5b8eb2c217d0_0, v0x5b8eb2c21450_0 {0 0 0};
    %jmp T_0.1;
T_0.0 ;
    %vpi_call/w 3 64 "$display", "At time t = %0t,The jumb instr is not working", $time {0 0 0};
T_0.1 ;
    %pushi/vec4 4095, 4095, 12;
    %split/vec4 8;
    %store/vec4 v0x5b8eb2c21450_0, 0, 8;
    %store/vec4 v0x5b8eb2c21700_0, 0, 4;
    %delay 8000, 0;
    %end;
S_0x5b8eb2c20910 .scope task, "jump_neg" "jump_neg" 3 107, 3 107 0, S_0x5b8eb2bec460;
 .timescale -9 -12;
v0x5b8eb2c20af0_0 .var/s "d_val", 7 0;
v0x5b8eb2c20bd0_0 .var "n_target", 7 0;
v0x5b8eb2c20cb0_0 .var "prev_number", 7 0;
TD_tb_go_to.jump_neg ;
    %load/vec4 v0x5b8eb2c217d0_0;
    %store/vec4 v0x5b8eb2c20cb0_0, 0, 8;
    %pushi/vec4 0, 0, 1;
    %store/vec4 v0x5b8eb2c218c0_0, 0, 1;
    %pushi/vec4 13, 0, 4;
    %store/vec4 v0x5b8eb2c21700_0, 0, 4;
    %load/vec4 v0x5b8eb2c20bd0_0;
    %store/vec4 v0x5b8eb2c21450_0, 0, 8;
    %load/vec4 v0x5b8eb2c20af0_0;
    %store/vec4 v0x5b8eb2c21600_0, 0, 8;
    %wait E_0x5b8eb2be9bd0;
    %delay 1000, 0;
    %load/vec4 v0x5b8eb2c20af0_0;
    %pad/s 32;
    %cmpi/s 0, 0, 32;
    %jmp/0xz  T_1.2, 5;
    %load/vec4 v0x5b8eb2c217d0_0;
    %load/vec4 v0x5b8eb2c21450_0;
    %cmp/e;
    %jmp/0xz  T_1.4, 4;
    %vpi_call/w 3 125 "$display", "At time %0t: jumb_neg SUCCESS (data > 0). PC: %0d -> %0d, Target: %0d, Data: %0d.", $time, v0x5b8eb2c20cb0_0, v0x5b8eb2c217d0_0, v0x5b8eb2c21450_0, v0x5b8eb2c20af0_0 {0 0 0};
    %jmp T_1.5;
T_1.4 ;
    %vpi_call/w 3 127 "$display", "At time %0t: jumb_neg FAILED (data > 0, no jump). PC: %0d , Expected: %0d, Data: %0d.", $time, v0x5b8eb2c20cb0_0, v0x5b8eb2c217d0_0, v0x5b8eb2c21450_0, v0x5b8eb2c20af0_0 {0 0 0};
T_1.5 ;
    %jmp T_1.3;
T_1.2 ;
    %load/vec4 v0x5b8eb2c217d0_0;
    %pad/u 32;
    %load/vec4 v0x5b8eb2c20cb0_0;
    %pad/u 32;
    %addi 1, 0, 32;
    %cmp/e;
    %jmp/0xz  T_1.6, 4;
    %vpi_call/w 3 131 "$display", "At time %0t: jumb_neg SUCCESS (data <= 0, PC incremented). PC: %0d -> %0d, Data: %0d.", $time, v0x5b8eb2c20cb0_0, v0x5b8eb2c217d0_0, v0x5b8eb2c20af0_0 {0 0 0};
    %jmp T_1.7;
T_1.6 ;
    %vpi_call/w 3 133 "$display", "At time %0t: jumb_neg FAILED (data <= 0, incorrect PC). PC: %0d , Expected: %0d, Data: %0d.", $time, v0x5b8eb2c20cb0_0, v0x5b8eb2c217d0_0, v0x5b8eb2c20af0_0 {0 0 0};
T_1.7 ;
T_1.3 ;
    %pushi/vec4 1048575, 1048575, 20;
    %split/vec4 8;
    %store/vec4 v0x5b8eb2c21600_0, 0, 8;
    %split/vec4 8;
    %store/vec4 v0x5b8eb2c21450_0, 0, 8;
    %store/vec4 v0x5b8eb2c21700_0, 0, 4;
    %delay 8000, 0;
    %end;
S_0x5b8eb2c20d70 .scope task, "jump_pos" "jump_pos" 3 72, 3 72 0, S_0x5b8eb2bec460;
 .timescale -9 -12;
v0x5b8eb2c20f50_0 .var/s "d_val", 7 0;
v0x5b8eb2c21050_0 .var "n_target", 7 0;
v0x5b8eb2c21130_0 .var "prev_number", 7 0;
TD_tb_go_to.jump_pos ;
    %load/vec4 v0x5b8eb2c217d0_0;
    %store/vec4 v0x5b8eb2c21130_0, 0, 8;
    %pushi/vec4 0, 0, 1;
    %store/vec4 v0x5b8eb2c218c0_0, 0, 1;
    %pushi/vec4 12, 0, 4;
    %store/vec4 v0x5b8eb2c21700_0, 0, 4;
    %load/vec4 v0x5b8eb2c21050_0;
    %store/vec4 v0x5b8eb2c21450_0, 0, 8;
    %load/vec4 v0x5b8eb2c20f50_0;
    %store/vec4 v0x5b8eb2c21600_0, 0, 8;
    %wait E_0x5b8eb2be9bd0;
    %delay 1000, 0;
    %load/vec4 v0x5b8eb2c20f50_0;
    %pad/s 32;
    %cmpi/s 0, 0, 32;
    %flag_or 5, 4; GT is !LE
    %flag_inv 5;
    %jmp/0xz  T_2.8, 5;
    %load/vec4 v0x5b8eb2c217d0_0;
    %load/vec4 v0x5b8eb2c21450_0;
    %cmp/e;
    %jmp/0xz  T_2.10, 4;
    %vpi_call/w 3 90 "$display", "At time %0t: JUMP_POS SUCCESS (data > 0). PC: %0d -> %0d, Target: %0d, Data: %0d.", $time, v0x5b8eb2c21130_0, v0x5b8eb2c217d0_0, v0x5b8eb2c21450_0, v0x5b8eb2c20f50_0 {0 0 0};
    %jmp T_2.11;
T_2.10 ;
    %vpi_call/w 3 92 "$display", "At time %0t: JUMP_POS FAILED (data > 0, no jump). PC: %0d , Expected: %0d, Data: %0d.", $time, v0x5b8eb2c21130_0, v0x5b8eb2c217d0_0, v0x5b8eb2c21450_0, v0x5b8eb2c20f50_0 {0 0 0};
T_2.11 ;
    %jmp T_2.9;
T_2.8 ;
    %load/vec4 v0x5b8eb2c217d0_0;
    %pad/u 32;
    %load/vec4 v0x5b8eb2c21130_0;
    %pad/u 32;
    %addi 1, 0, 32;
    %cmp/e;
    %jmp/0xz  T_2.12, 4;
    %vpi_call/w 3 96 "$display", "At time %0t: JUMP_POS SUCCESS (data <= 0, PC incremented). PC: %0d -> %0d, Data: %0d.", $time, v0x5b8eb2c21130_0, v0x5b8eb2c217d0_0, v0x5b8eb2c20f50_0 {0 0 0};
    %jmp T_2.13;
T_2.12 ;
    %vpi_call/w 3 98 "$display", "At time %0t: JUMP_POS FAILED (data <= 0, incorrect PC). PC: %0d , Expected: %0d, Data: %0d.", $time, v0x5b8eb2c21130_0, v0x5b8eb2c217d0_0, v0x5b8eb2c20f50_0 {0 0 0};
T_2.13 ;
T_2.9 ;
    %pushi/vec4 1048575, 1048575, 20;
    %split/vec4 8;
    %store/vec4 v0x5b8eb2c21600_0, 0, 8;
    %split/vec4 8;
    %store/vec4 v0x5b8eb2c21450_0, 0, 8;
    %store/vec4 v0x5b8eb2c21700_0, 0, 4;
    %delay 8000, 0;
    %end;
S_0x5b8eb2c21220 .scope task, "reset" "reset" 3 28, 3 28 0, S_0x5b8eb2bec460;
 .timescale -9 -12;
TD_tb_go_to.reset ;
    %pushi/vec4 1, 0, 1;
    %store/vec4 v0x5b8eb2c218c0_0, 0, 1;
    %wait E_0x5b8eb2be9bd0;
    %delay 1000, 0;
    %load/vec4 v0x5b8eb2c217d0_0;
    %cmpi/e 0, 0, 8;
    %jmp/0xz  T_3.14, 4;
    %vpi_call/w 3 37 "$display", "At time %0t: Reset operation successful. Program counter is %0d.", $time, v0x5b8eb2c217d0_0 {0 0 0};
    %jmp T_3.15;
T_3.14 ;
    %vpi_call/w 3 39 "$display", "At time %0t: Reset operation FAILED. Program counter is %0d, expected 0.", $time, v0x5b8eb2c217d0_0 {0 0 0};
T_3.15 ;
    %pushi/vec4 0, 0, 1;
    %store/vec4 v0x5b8eb2c218c0_0, 0, 1;
    %wait E_0x5b8eb2be9bd0;
    %delay 8000, 0;
    %end;
    .scope S_0x5b8eb2c00ab0;
T_4 ;
    %wait E_0x5b8eb2be9bd0;
    %load/vec4 v0x5b8eb2c204b0_0;
    %flag_set/vec4 8;
    %jmp/0xz  T_4.0, 8;
    %pushi/vec4 0, 0, 8;
    %assign/vec4 v0x5b8eb2bd8630_0, 0;
    %jmp T_4.1;
T_4.0 ;
    %load/vec4 v0x5b8eb2bda1f0_0;
    %dup/vec4;
    %pushi/vec4 14, 0, 4;
    %cmp/u;
    %jmp/1 T_4.2, 6;
    %dup/vec4;
    %pushi/vec4 12, 0, 4;
    %cmp/u;
    %jmp/1 T_4.3, 6;
    %dup/vec4;
    %pushi/vec4 13, 0, 4;
    %cmp/u;
    %jmp/1 T_4.4, 6;
    %load/vec4 v0x5b8eb2bd8630_0;
    %addi 1, 0, 8;
    %assign/vec4 v0x5b8eb2bd8630_0, 0;
    %jmp T_4.6;
T_4.2 ;
    %load/vec4 v0x5b8eb2bdc450_0;
    %assign/vec4 v0x5b8eb2bd8630_0, 0;
    %jmp T_4.6;
T_4.3 ;
    %load/vec4 v0x5b8eb2bda290_0;
    %pad/s 32;
    %cmpi/s 0, 0, 32;
    %flag_or 5, 4; GT is !LE
    %flag_inv 5;
    %jmp/0xz  T_4.7, 5;
    %load/vec4 v0x5b8eb2bdc450_0;
    %assign/vec4 v0x5b8eb2bd8630_0, 0;
    %jmp T_4.8;
T_4.7 ;
    %load/vec4 v0x5b8eb2bd8630_0;
    %addi 1, 0, 8;
    %assign/vec4 v0x5b8eb2bd8630_0, 0;
T_4.8 ;
    %jmp T_4.6;
T_4.4 ;
    %load/vec4 v0x5b8eb2bda290_0;
    %pad/s 32;
    %cmpi/s 0, 0, 32;
    %jmp/0xz  T_4.9, 5;
    %load/vec4 v0x5b8eb2bdc450_0;
    %assign/vec4 v0x5b8eb2bd8630_0, 0;
    %jmp T_4.10;
T_4.9 ;
    %load/vec4 v0x5b8eb2bd8630_0;
    %addi 1, 0, 8;
    %assign/vec4 v0x5b8eb2bd8630_0, 0;
T_4.10 ;
    %jmp T_4.6;
T_4.6 ;
    %pop/vec4 1;
T_4.1 ;
    %jmp T_4;
    .thread T_4;
    .scope S_0x5b8eb2bec460;
T_5 ;
    %pushi/vec4 0, 0, 1;
    %store/vec4 v0x5b8eb2c21530_0, 0, 1;
    %end;
    .thread T_5, $init;
    .scope S_0x5b8eb2bec460;
T_6 ;
    %delay 5000, 0;
    %load/vec4 v0x5b8eb2c21530_0;
    %inv;
    %store/vec4 v0x5b8eb2c21530_0, 0, 1;
    %jmp T_6;
    .thread T_6;
    .scope S_0x5b8eb2bec460;
T_7 ;
    %vpi_call/w 3 151 "$dumpfile", "go_to.vcd" {0 0 0};
    %vpi_call/w 3 152 "$dumpvars", 32'sb00000000000000000000000000000000, S_0x5b8eb2bec460 {0 0 0};
    %fork TD_tb_go_to.reset, S_0x5b8eb2c21220;
    %join;
    %pushi/vec4 4, 0, 32;
T_7.0 %dup/vec4;
    %pushi/vec4 0, 0, 32;
    %cmp/s;
    %jmp/1xz T_7.1, 5;
    %jmp/1 T_7.1, 4;
    %pushi/vec4 1, 0, 32;
    %sub;
    %wait E_0x5b8eb2be9bd0;
    %vpi_call/w 3 157 "$display", "At time t= %0t, the pc %d is at without any instructions", $time, v0x5b8eb2c217d0_0 {0 0 0};
    %jmp T_7.0;
T_7.1 ;
    %pop/vec4 1;
    %pushi/vec4 5, 0, 8;
    %store/vec4 v0x5b8eb2c20830_0, 0, 8;
    %fork TD_tb_go_to.jump, S_0x5b8eb2c20630;
    %join;
    %pushi/vec4 4, 0, 8;
    %store/vec4 v0x5b8eb2c21050_0, 0, 8;
    %pushi/vec4 5, 0, 8;
    %store/vec4 v0x5b8eb2c20f50_0, 0, 8;
    %fork TD_tb_go_to.jump_pos, S_0x5b8eb2c20d70;
    %join;
    %pushi/vec4 8, 0, 8;
    %store/vec4 v0x5b8eb2c21050_0, 0, 8;
    %pushi/vec4 252, 0, 8;
    %store/vec4 v0x5b8eb2c20f50_0, 0, 8;
    %fork TD_tb_go_to.jump_pos, S_0x5b8eb2c20d70;
    %join;
    %pushi/vec4 10, 0, 8;
    %store/vec4 v0x5b8eb2c20bd0_0, 0, 8;
    %pushi/vec4 253, 0, 8;
    %store/vec4 v0x5b8eb2c20af0_0, 0, 8;
    %fork TD_tb_go_to.jump_neg, S_0x5b8eb2c20910;
    %join;
    %pushi/vec4 15, 0, 8;
    %store/vec4 v0x5b8eb2c20bd0_0, 0, 8;
    %pushi/vec4 4, 0, 8;
    %store/vec4 v0x5b8eb2c20af0_0, 0, 8;
    %fork TD_tb_go_to.jump_neg, S_0x5b8eb2c20910;
    %join;
    %fork TD_tb_go_to.reset, S_0x5b8eb2c21220;
    %join;
    %vpi_call/w 3 165 "$monitor", "At time t= %0t, the number is %d", $time, v0x5b8eb2c217d0_0 {0 0 0};
    %vpi_call/w 3 166 "$finish" {0 0 0};
    %end;
    .thread T_7;
# The file index is used to find the file name in the following table.
:file_names 5;
    "N/A";
    "<interactive>";
    "-";
    "../tb/tb_go_to.v";
    "../rtl/go_to.v";
